<html>
<body>
<pre>
<h1>礦ision Build Log</h1>
<h2>Tool Versions:</h2>
IDE-Version: μVision V5.14.0.0
Copyright (C) 2015 ARM Ltd and ARM Germany GmbH. All rights reserved.
License Information: aa aa, aa, LIC=W96Y8-38WXD-8WW2D-8CT3T-05QIF-7DTIR
 
Tool Versions:
Toolchain:       MDK-ARM Professional  Version: 5.14.0.0
Toolchain Path:  D:\Program Files\MDK5\ARM\ARMCC\Bin
C Compiler:      Armcc.exe V5.05 update 1 (build 106)
Assembler:       Armasm.exe V5.05 update 1 (build 106)
Linker/Locator:  ArmLink.exe V5.05 update 1 (build 106)
Library Manager: ArmAr.exe V5.05 update 1 (build 106)
Hex Converter:   FromElf.exe V5.05 update 1 (build 106)
CPU DLL:         SARMCM3.DLL V5.14.0.0
Dialog DLL:      DCM.DLL V1.13.1.0
Target DLL:      STLink\ST-LINKIII-KEIL_SWO.dll V2.0.14.0_KEIL
Dialog DLL:      TCM.DLL V1.14.4.0
 
<h2>Project:</h2>
E:\2015\莱州项目\2016050701\USER\Template.uvprojx
Project File Date:  05/19/2016

<h2>Output:</h2>
Build target 'Template'
compiling main.c...
..\GRBL\main.c(73): warning:  #111-D: statement is unreachable
        return 0;   /* Never reached */
..\GRBL\main.c: 1 warning, 0 errors
compiling report.c...
compiling motion_control.c...
linking...
Program Size: Code=52816 RO-data=1672 RW-data=68 ZI-data=3212  
FromELF: creating hex file...
"..\OBJ\Template.axf" - 0 Error(s), 1 Warning(s).

<h2>Collection of Component include folders:</h2>
  E:\2015\莱州项目\2016050701\USER\RTE
  D:\Program Files\MDK5\ARM\PACK\Keil\STM32F4xx_DFP\1.0.8\Device\Include

<h2>Collection of Component Files used:</h2>
</pre>
</body>
</html>
