Component: ARM Compiler 5.05 update 1 (build 106) Tool: armlink [4d0efa]

==============================================================================

Section Cross References

    system_stm32f4xx.o(.text) refers to system_stm32f4xx.o(.data) for SystemCoreClock
    startup_stm32f40_41xxx.o(STACK) refers (Special) to heapauxi.o(.text) for __use_two_region_memory
    startup_stm32f40_41xxx.o(HEAP) refers (Special) to heapauxi.o(.text) for __use_two_region_memory
    startup_stm32f40_41xxx.o(RESET) refers (Special) to heapauxi.o(.text) for __use_two_region_memory
    startup_stm32f40_41xxx.o(RESET) refers to startup_stm32f40_41xxx.o(STACK) for __initial_sp
    startup_stm32f40_41xxx.o(RESET) refers to startup_stm32f40_41xxx.o(.text) for Reset_Handler
    startup_stm32f40_41xxx.o(RESET) refers to stm32f4xx_it.o(.text) for NMI_Handler
    startup_stm32f40_41xxx.o(RESET) refers to limits.o(.text) for EXTI0_IRQHandler
    startup_stm32f40_41xxx.o(RESET) refers to system.o(.text) for EXTI1_IRQHandler
    startup_stm32f40_41xxx.o(RESET) refers to stepper.o(.text) for TIM3_IRQHandler
    startup_stm32f40_41xxx.o(RESET) refers to serial.o(.text) for USART1_IRQHandler
    startup_stm32f40_41xxx.o(RESET) refers to timer.o(.text) for TIM5_IRQHandler
    startup_stm32f40_41xxx.o(.text) refers (Special) to heapauxi.o(.text) for __use_two_region_memory
    startup_stm32f40_41xxx.o(.text) refers to system_stm32f4xx.o(.text) for SystemInit
    startup_stm32f40_41xxx.o(.text) refers to __main.o(!!!main) for __main
    startup_stm32f40_41xxx.o(.text) refers to startup_stm32f40_41xxx.o(HEAP) for Heap_Mem
    startup_stm32f40_41xxx.o(.text) refers to startup_stm32f40_41xxx.o(STACK) for Stack_Mem
    stm32f4xx_adc.o(.text) refers to stm32f4xx_rcc.o(.text) for RCC_APB2PeriphResetCmd
    stm32f4xx_can.o(.text) refers to stm32f4xx_rcc.o(.text) for RCC_APB1PeriphResetCmd
    stm32f4xx_cryp.o(.text) refers to stm32f4xx_rcc.o(.text) for RCC_AHB2PeriphResetCmd
    stm32f4xx_cryp_aes.o(.text) refers to stm32f4xx_cryp.o(.text) for CRYP_KeyStructInit
    stm32f4xx_cryp_des.o(.text) refers to stm32f4xx_cryp.o(.text) for CRYP_KeyStructInit
    stm32f4xx_cryp_tdes.o(.text) refers to stm32f4xx_cryp.o(.text) for CRYP_KeyStructInit
    stm32f4xx_dac.o(.text) refers to stm32f4xx_rcc.o(.text) for RCC_APB1PeriphResetCmd
    stm32f4xx_dma2d.o(.text) refers to stm32f4xx_rcc.o(.text) for RCC_AHB1PeriphResetCmd
    stm32f4xx_fsmc.o(.text) refers to stm32f4xx_fsmc.o(.constdata) for FSMC_DefaultTimingStruct
    stm32f4xx_gpio.o(.text) refers to stm32f4xx_rcc.o(.text) for RCC_AHB1PeriphResetCmd
    stm32f4xx_hash.o(.text) refers to stm32f4xx_rcc.o(.text) for RCC_AHB2PeriphResetCmd
    stm32f4xx_hash_md5.o(.text) refers to stm32f4xx_hash.o(.text) for HASH_DeInit
    stm32f4xx_hash_sha1.o(.text) refers to stm32f4xx_hash.o(.text) for HASH_DeInit
    stm32f4xx_i2c.o(.text) refers to stm32f4xx_rcc.o(.text) for RCC_APB1PeriphResetCmd
    stm32f4xx_ltdc.o(.text) refers to stm32f4xx_rcc.o(.text) for RCC_APB2PeriphResetCmd
    stm32f4xx_pwr.o(.text) refers to stm32f4xx_rcc.o(.text) for RCC_APB1PeriphResetCmd
    stm32f4xx_rcc.o(.text) refers to stm32f4xx_rcc.o(.data) for APBAHBPrescTable
    stm32f4xx_rng.o(.text) refers to stm32f4xx_rcc.o(.text) for RCC_AHB2PeriphResetCmd
    stm32f4xx_sai.o(.text) refers to stm32f4xx_rcc.o(.text) for RCC_APB2PeriphResetCmd
    stm32f4xx_sdio.o(.text) refers to stm32f4xx_rcc.o(.text) for RCC_APB2PeriphResetCmd
    stm32f4xx_spi.o(.text) refers to stm32f4xx_rcc.o(.text) for RCC_APB2PeriphResetCmd
    stm32f4xx_syscfg.o(.text) refers to stm32f4xx_rcc.o(.text) for RCC_APB2PeriphResetCmd
    stm32f4xx_tim.o(.text) refers to stm32f4xx_rcc.o(.text) for RCC_APB2PeriphResetCmd
    stm32f4xx_usart.o(.text) refers to stm32f4xx_rcc.o(.text) for RCC_APB2PeriphResetCmd
    stm32f4xx_wwdg.o(.text) refers to stm32f4xx_rcc.o(.text) for RCC_APB1PeriphResetCmd
    delay.o(.text) refers to misc.o(.text) for SysTick_CLKSourceConfig
    delay.o(.text) refers to delay.o(.data) for fac_us
    coolant_control.o(.text) refers to stm32f4xx_gpio.o(.text) for GPIO_ResetBits
    coolant_control.o(.text) refers to stm32f4xx_rcc.o(.text) for RCC_AHB1PeriphClockCmd
    coolant_control.o(.text) refers to protocol.o(.text) for protocol_buffer_synchronize
    coolant_control.o(.text) refers to main.o(.bss) for sys
    main.o(.text) refers to misc.o(.text) for NVIC_PriorityGroupConfig
    main.o(.text) refers to delay.o(.text) for delay_init
    main.o(.text) refers to 24cxx.o(.text) for AT24CXX_Init
    main.o(.text) refers to settings.o(.text) for settings_restore
    main.o(.text) refers to serial.o(.text) for serial_init
    main.o(.text) refers to stepper.o(.text) for stepper_init
    main.o(.text) refers to system.o(.text) for system_init
    main.o(.text) refers to adc_distance.o(.text) for Adc_Init
    main.o(.text) refers to switch_io.o(.text) for SwitchIO_init
    main.o(.text) refers to timer.o(.text) for TIM5_Int_Init
[...]
    EXTI3_IRQHandler                         0x0800049f   Thumb Code     0  startup_stm32f40_41xxx.o(.text)
    EXTI4_IRQHandler                         0x0800049f   Thumb Code     0  startup_stm32f40_41xxx.o(.text)
    EXTI9_5_IRQHandler                       0x0800049f   Thumb Code     0  startup_stm32f40_41xxx.o(.text)
    FLASH_IRQHandler                         0x0800049f   Thumb Code     0  startup_stm32f40_41xxx.o(.text)
    FPU_IRQHandler                           0x0800049f   Thumb Code     0  startup_stm32f40_41xxx.o(.text)
    FSMC_IRQHandler                          0x0800049f   Thumb Code     0  startup_stm32f40_41xxx.o(.text)
    HASH_RNG_IRQHandler                      0x0800049f   Thumb Code     0  startup_stm32f40_41xxx.o(.text)
    I2C1_ER_IRQHandler                       0x0800049f   Thumb Code     0  startup_stm32f40_41xxx.o(.text)
    I2C1_EV_IRQHandler                       0x0800049f   Thumb Code     0  startup_stm32f40_41xxx.o(.text)
    I2C2_ER_IRQHandler                       0x0800049f   Thumb Code     0  startup_stm32f40_41xxx.o(.text)
    I2C2_EV_IRQHandler                       0x0800049f   Thumb Code     0  startup_stm32f40_41xxx.o(.text)
    I2C3_ER_IRQHandler                       0x0800049f   Thumb Code     0  startup_stm32f40_41xxx.o(.text)
    I2C3_EV_IRQHandler                       0x0800049f   Thumb Code     0  startup_stm32f40_41xxx.o(.text)
    OTG_FS_IRQHandler                        0x0800049f   Thumb Code     0  startup_stm32f40_41xxx.o(.text)
    OTG_FS_WKUP_IRQHandler                   0x0800049f   Thumb Code     0  startup_stm32f40_41xxx.o(.text)
    OTG_HS_EP1_IN_IRQHandler                 0x0800049f   Thumb Code     0  startup_stm32f40_41xxx.o(.text)
    OTG_HS_EP1_OUT_IRQHandler                0x0800049f   Thumb Code     0  startup_stm32f40_41xxx.o(.text)
    OTG_HS_IRQHandler                        0x0800049f   Thumb Code     0  startup_stm32f40_41xxx.o(.text)
    OTG_HS_WKUP_IRQHandler                   0x0800049f   Thumb Code     0  startup_stm32f40_41xxx.o(.text)
    PVD_IRQHandler                           0x0800049f   Thumb Code     0  startup_stm32f40_41xxx.o(.text)
    RCC_IRQHandler                           0x0800049f   Thumb Code     0  startup_stm32f40_41xxx.o(.text)
    RTC_Alarm_IRQHandler                     0x0800049f   Thumb Code     0  startup_stm32f40_41xxx.o(.text)
    RTC_WKUP_IRQHandler                      0x0800049f   Thumb Code     0  startup_stm32f40_41xxx.o(.text)
    SDIO_IRQHandler                          0x0800049f   Thumb Code     0  startup_stm32f40_41xxx.o(.text)
    SPI1_IRQHandler                          0x0800049f   Thumb Code     0  startup_stm32f40_41xxx.o(.text)
    SPI2_IRQHandler                          0x0800049f   Thumb Code     0  startup_stm32f40_41xxx.o(.text)
    SPI3_IRQHandler                          0x0800049f   Thumb Code     0  startup_stm32f40_41xxx.o(.text)
    TAMP_STAMP_IRQHandler                    0x0800049f   Thumb Code     0  startup_stm32f40_41xxx.o(.text)
    TIM1_BRK_TIM9_IRQHandler                 0x0800049f   Thumb Code     0  startup_stm32f40_41xxx.o(.text)
    TIM1_CC_IRQHandler                       0x0800049f   Thumb Code     0  startup_stm32f40_41xxx.o(.text)
    TIM1_TRG_COM_TIM11_IRQHandler            0x0800049f   Thumb Code     0  startup_stm32f40_41xxx.o(.text)
    TIM1_UP_TIM10_IRQHandler                 0x0800049f   Thumb Code     0  startup_stm32f40_41xxx.o(.text)
    TIM2_IRQHandler                          0x0800049f   Thumb Code     0  startup_stm32f40_41xxx.o(.text)
    TIM6_DAC_IRQHandler                      0x0800049f   Thumb Code     0  startup_stm32f40_41xxx.o(.text)
    TIM7_IRQHandler                          0x0800049f   Thumb Code     0  startup_stm32f40_41xxx.o(.text)
    TIM8_BRK_TIM12_IRQHandler                0x0800049f   Thumb Code     0  startup_stm32f40_41xxx.o(.text)
    TIM8_CC_IRQHandler                       0x0800049f   Thumb Code     0  startup_stm32f40_41xxx.o(.text)
    TIM8_TRG_COM_TIM14_IRQHandler            0x0800049f   Thumb Code     0  startup_stm32f40_41xxx.o(.text)
    TIM8_UP_TIM13_IRQHandler                 0x0800049f   Thumb Code     0  startup_stm32f40_41xxx.o(.text)
    UART4_IRQHandler                         0x0800049f   Thumb Code     0  startup_stm32f40_41xxx.o(.text)
    UART5_IRQHandler                         0x0800049f   Thumb Code     0  startup_stm32f40_41xxx.o(.text)
    USART2_IRQHandler                        0x0800049f   Thumb Code     0  startup_stm32f40_41xxx.o(.text)
    USART3_IRQHandler                        0x0800049f   Thumb Code     0  startup_stm32f40_41xxx.o(.text)
    USART6_IRQHandler                        0x0800049f   Thumb Code     0  startup_stm32f40_41xxx.o(.text)
    WWDG_IRQHandler                          0x0800049f   Thumb Code     0  startup_stm32f40_41xxx.o(.text)
    __user_initial_stackheap                 0x080004a1   Thumb Code     0  startup_stm32f40_41xxx.o(.text)
    NVIC_PriorityGroupConfig                 0x080004c5   Thumb Code    10  misc.o(.text)
    NVIC_Init                                0x080004cf   Thumb Code   106  misc.o(.text)
    NVIC_SetVectorTable                      0x08000539   Thumb Code    14  misc.o(.text)
    NVIC_SystemLPConfig                      0x08000547   Thumb Code    34  misc.o(.text)
    SysTick_CLKSourceConfig                  0x08000569   Thumb Code    40  misc.o(.text)
    ADC_DeInit                               0x080005a5   Thumb Code    22  stm32f4xx_adc.o(.text)
    ADC_Init                                 0x080005bb   Thumb Code    74  stm32f4xx_adc.o(.text)
    ADC_StructInit                           0x08000605   Thumb Code    20  stm32f4xx_adc.o(.text)
    ADC_CommonInit                           0x08000619   Thumb Code    34  stm32f4xx_adc.o(.text)
    ADC_CommonStructInit                     0x0800063b   Thumb Code    12  stm32f4xx_adc.o(.text)
    ADC_Cmd                                  0x08000647   Thumb Code    22  stm32f4xx_adc.o(.text)
    ADC_AnalogWatchdogCmd                    0x0800065d   Thumb Code    16  stm32f4xx_adc.o(.text)
    ADC_AnalogWatchdogThresholdsConfig       0x0800066d   Thumb Code     6  stm32f4xx_adc.o(.text)
    ADC_AnalogWatchdogSingleChannelConfig    0x08000673   Thumb Code    16  stm32f4xx_adc.o(.text)
    ADC_TempSensorVrefintCmd                 0x08000683   Thumb Code    34  stm32f4xx_adc.o(.text)
    ADC_VBATCmd                              0x080006a5   Thumb Code    34  stm32f4xx_adc.o(.text)
    ADC_RegularChannelConfig                 0x080006c7   Thumb Code   184  stm32f4xx_adc.o(.text)
    ADC_SoftwareStartConv                    0x0800077f   Thumb Code    10  stm32f4xx_adc.o(.text)
    ADC_GetSoftwareStartConvStatus           0x08000789   Thumb Code    20  stm32f4xx_adc.o(.text)
    ADC_EOCOnEachRegularChannelCmd           0x0800079d   Thumb Code    22  stm32f4xx_adc.o(.text)
    ADC_ContinuousModeCmd                    0x080007b3   Thumb Code    22  stm32f4xx_adc.o(.text)
    ADC_DiscModeChannelCountConfig           0x080007c9   Thumb Code    24  stm32f4xx_adc.o(.text)
    ADC_DiscModeCmd                          0x080007e1   Thumb Code    22  stm32f4xx_adc.o(.text)
    ADC_GetConversionValue                   0x080007f7   Thumb Code     8  stm32f4xx_adc.o(.text)
    ADC_GetMultiModeConversionValue          0x080007ff   Thumb Code     8  stm32f4xx_adc.o(.text)
    ADC_DMACmd                               0x08000807   Thumb Code    22  stm32f4xx_adc.o(.text)
    ADC_DMARequestAfterLastTransferCmd       0x0800081d   Thumb Code    22  stm32f4xx_adc.o(.text)
    ADC_MultiModeDMARequestAfterLastTransferCmd 0x08000833   Thumb Code    34  stm32f4xx_adc.o(.text)
    ADC_InjectedChannelConfig                0x08000855   Thumb Code   130  stm32f4xx_adc.o(.text)
    ADC_InjectedSequencerLengthConfig        0x080008d7   Thumb Code    24  stm32f4xx_adc.o(.text)
    ADC_SetInjectedOffset                    0x080008ef   Thumb Code    20  stm32f4xx_adc.o(.text)
    ADC_ExternalTrigInjectedConvConfig       0x08000903   Thumb Code    16  stm32f4xx_adc.o(.text)
    ADC_ExternalTrigInjectedConvEdgeConfig   0x08000913   Thumb Code    16  stm32f4xx_adc.o(.text)
    ADC_SoftwareStartInjectedConv            0x08000923   Thumb Code    10  stm32f4xx_adc.o(.text)
    ADC_GetSoftwareStartInjectedConvCmdStatus 0x0800092d   Thumb Code    20  stm32f4xx_adc.o(.text)
    ADC_AutoInjectedConvCmd                  0x08000941   Thumb Code    22  stm32f4xx_adc.o(.text)
    ADC_InjectedDiscModeCmd                  0x08000957   Thumb Code    22  stm32f4xx_adc.o(.text)
    ADC_GetInjectedConversionValue           0x0800096d   Thumb Code    28  stm32f4xx_adc.o(.text)
    ADC_ITConfig                             0x08000989   Thumb Code    56  stm32f4xx_adc.o(.text)
    ADC_GetFlagStatus                        0x080009c1   Thumb Code    18  stm32f4xx_adc.o(.text)
    ADC_ClearFlag                            0x080009d3   Thumb Code     6  stm32f4xx_adc.o(.text)
    ADC_GetITStatus                          0x080009d9   Thumb Code    38  stm32f4xx_adc.o(.text)
    ADC_ClearITPendingBit                    0x080009ff   Thumb Code    10  stm32f4xx_adc.o(.text)
    EXTI_DeInit                              0x08000a09   Thumb Code    28  stm32f4xx_exti.o(.text)
    EXTI_Init                                0x08000a25   Thumb Code   142  stm32f4xx_exti.o(.text)
    EXTI_StructInit                          0x08000ab3   Thumb Code    16  stm32f4xx_exti.o(.text)
    EXTI_GenerateSWInterrupt                 0x08000ac3   Thumb Code    16  stm32f4xx_exti.o(.text)
    EXTI_GetFlagStatus                       0x08000ad3   Thumb Code    22  stm32f4xx_exti.o(.text)
    EXTI_ClearFlag                           0x08000ae9   Thumb Code     8  stm32f4xx_exti.o(.text)
    EXTI_GetITStatus                         0x08000af1   Thumb Code    22  stm32f4xx_exti.o(.text)
    EXTI_ClearITPendingBit                   0x08000b07   Thumb Code     8  stm32f4xx_exti.o(.text)
    GPIO_DeInit                              0x08000b19   Thumb Code   268  stm32f4xx_gpio.o(.text)
    GPIO_Init                                0x08000c25   Thumb Code   144  stm32f4xx_gpio.o(.text)
    GPIO_StructInit                          0x08000cb5   Thumb Code    18  stm32f4xx_gpio.o(.text)
    GPIO_PinLockConfig                       0x08000cc7   Thumb Code    34  stm32f4xx_gpio.o(.text)
    GPIO_ReadInputDataBit                    0x08000ce9   Thumb Code    18  stm32f4xx_gpio.o(.text)
    GPIO_ReadInputData                       0x08000cfb   Thumb Code     8  stm32f4xx_gpio.o(.text)
    GPIO_ReadOutputDataBit                   0x08000d03   Thumb Code    18  stm32f4xx_gpio.o(.text)
    GPIO_ReadOutputData                      0x08000d15   Thumb Code     8  stm32f4xx_gpio.o(.text)
    GPIO_SetBits                             0x08000d1d   Thumb Code     4  stm32f4xx_gpio.o(.text)
    GPIO_ResetBits                           0x08000d21   Thumb Code     4  stm32f4xx_gpio.o(.text)
    GPIO_WriteBit                            0x08000d25   Thumb Code    10  stm32f4xx_gpio.o(.text)
    GPIO_Write                               0x08000d2f   Thumb Code     4  stm32f4xx_gpio.o(.text)
    GPIO_ToggleBits                          0x08000d33   Thumb Code     8  stm32f4xx_gpio.o(.text)
    GPIO_PinAFConfig                         0x08000d3b   Thumb Code    70  stm32f4xx_gpio.o(.text)
    RCC_DeInit                               0x08000dad   Thumb Code    82  stm32f4xx_rcc.o(.text)
    RCC_HSEConfig                            0x08000dff   Thumb Code    14  stm32f4xx_rcc.o(.text)
    RCC_GetFlagStatus                        0x08000e0d   Thumb Code    60  stm32f4xx_rcc.o(.text)
    RCC_WaitForHSEStartUp                    0x08000e49   Thumb Code    56  stm32f4xx_rcc.o(.text)
    RCC_AdjustHSICalibrationValue            0x08000e81   Thumb Code    20  stm32f4xx_rcc.o(.text)
    RCC_HSICmd                               0x08000e95   Thumb Code     6  stm32f4xx_rcc.o(.text)
    RCC_LSEConfig                            0x08000e9b   Thumb Code    46  stm32f4xx_rcc.o(.text)
    RCC_LSICmd                               0x08000ec9   Thumb Code     6  stm32f4xx_rcc.o(.text)
    RCC_PLLConfig                            0x08000ecf   Thumb Code    32  stm32f4xx_rcc.o(.text)
    RCC_PLLCmd                               0x08000eef   Thumb Code     6  stm32f4xx_rcc.o(.text)
    RCC_PLLI2SConfig                         0x08000ef5   Thumb Code    14  stm32f4xx_rcc.o(.text)
    RCC_PLLI2SCmd                            0x08000f03   Thumb Code     6  stm32f4xx_rcc.o(.text)
    RCC_PLLSAIConfig                         0x08000f09   Thumb Code    20  stm32f4xx_rcc.o(.text)
    RCC_PLLSAICmd                            0x08000f1d   Thumb Code     6  stm32f4xx_rcc.o(.text)
    RCC_ClockSecuritySystemCmd               0x08000f23   Thumb Code     6  stm32f4xx_rcc.o(.text)
    RCC_MCO1Config                           0x08000f29   Thumb Code    28  stm32f4xx_rcc.o(.text)
    RCC_MCO2Config                           0x08000f45   Thumb Code    28  stm32f4xx_rcc.o(.text)
    RCC_SYSCLKConfig                         0x08000f61   Thumb Code    20  stm32f4xx_rcc.o(.text)
    RCC_GetSYSCLKSource                      0x08000f75   Thumb Code    12  stm32f4xx_rcc.o(.text)
    RCC_HCLKConfig                           0x08000f81   Thumb Code    20  stm32f4xx_rcc.o(.text)
    RCC_PCLK1Config                          0x08000f95   Thumb Code    20  stm32f4xx_rcc.o(.text)
    RCC_PCLK2Config                          0x08000fa9   Thumb Code    22  stm32f4xx_rcc.o(.text)
    RCC_GetClocksFreq                        0x08000fbf   Thumb Code   222  stm32f4xx_rcc.o(.text)
    RCC_RTCCLKConfig                         0x0800109d   Thumb Code    54  stm32f4xx_rcc.o(.text)
    RCC_RTCCLKCmd                            0x080010d3   Thumb Code     8  stm32f4xx_rcc.o(.text)
    RCC_BackupResetCmd                       0x080010db   Thumb Code     8  stm32f4xx_rcc.o(.text)
    RCC_I2SCLKConfig                         0x080010e3   Thumb Code     6  stm32f4xx_rcc.o(.text)
    RCC_SAIPLLI2SClkDivConfig                0x080010e9   Thumb Code    26  stm32f4xx_rcc.o(.text)
    RCC_SAIPLLSAIClkDivConfig                0x08001103   Thumb Code    28  stm32f4xx_rcc.o(.text)
    RCC_SAIBlockACLKConfig                   0x0800111f   Thumb Code    20  stm32f4xx_rcc.o(.text)
    RCC_SAIBlockBCLKConfig                   0x08001133   Thumb Code    20  stm32f4xx_rcc.o(.text)
    RCC_LTDCCLKDivConfig                     0x08001147   Thumb Code    20  stm32f4xx_rcc.o(.text)
    RCC_TIMCLKPresConfig                     0x0800115b   Thumb Code     6  stm32f4xx_rcc.o(.text)
    RCC_AHB1PeriphClockCmd                   0x08001161   Thumb Code    34  stm32f4xx_rcc.o(.text)
    RCC_AHB2PeriphClockCmd                   0x08001183   Thumb Code    78  stm32f4xx_rcc.o(.text)
    RCC_AHB3PeriphClockCmd                   0x080011d1   Thumb Code    34  stm32f4xx_rcc.o(.text)
    RCC_APB1PeriphClockCmd                   0x080011f3   Thumb Code    34  stm32f4xx_rcc.o(.text)
    RCC_APB2PeriphClockCmd                   0x08001215   Thumb Code    34  stm32f4xx_rcc.o(.text)
    RCC_AHB1PeriphResetCmd                   0x08001237   Thumb Code    34  stm32f4xx_rcc.o(.text)
    RCC_AHB2PeriphResetCmd                   0x08001259   Thumb Code    34  stm32f4xx_rcc.o(.text)
    RCC_AHB3PeriphResetCmd                   0x0800127b   Thumb Code    34  stm32f4xx_rcc.o(.text)
    RCC_APB1PeriphResetCmd                   0x0800129d   Thumb Code    34  stm32f4xx_rcc.o(.text)
    RCC_APB2PeriphResetCmd                   0x080012bf   Thumb Code    34  stm32f4xx_rcc.o(.text)
    RCC_AHB1PeriphClockLPModeCmd             0x080012e1   Thumb Code    34  stm32f4xx_rcc.o(.text)
    RCC_AHB2PeriphClockLPModeCmd             0x08001303   Thumb Code    34  stm32f4xx_rcc.o(.text)
    RCC_AHB3PeriphClockLPModeCmd             0x08001325   Thumb Code    34  stm32f4xx_rcc.o(.text)
    RCC_APB1PeriphClockLPModeCmd             0x08001347   Thumb Code    34  stm32f4xx_rcc.o(.text)
    RCC_APB2PeriphClockLPModeCmd             0x08001369   Thumb Code    34  stm32f4xx_rcc.o(.text)
    RCC_LSEModeConfig                        0x0800138b   Thumb Code    40  stm32f4xx_rcc.o(.text)
    RCC_ITConfig                             0x080013b3   Thumb Code    34  stm32f4xx_rcc.o(.text)
    RCC_ClearFlag                            0x080013d5   Thumb Code    18  stm32f4xx_rcc.o(.text)
    RCC_GetITStatus                          0x080013e7   Thumb Code    22  stm32f4xx_rcc.o(.text)
    RCC_ClearITPendingBit                    0x080013fd   Thumb Code     8  stm32f4xx_rcc.o(.text)
    SYSCFG_DeInit                            0x08001409   Thumb Code    22  stm32f4xx_syscfg.o(.text)
    SYSCFG_MemoryRemapConfig                 0x0800141f   Thumb Code     6  stm32f4xx_syscfg.o(.text)
    SYSCFG_MemorySwappingBank                0x08001425   Thumb Code     6  stm32f4xx_syscfg.o(.text)
    SYSCFG_EXTILineConfig                    0x0800142b   Thumb Code    66  stm32f4xx_syscfg.o(.text)
    SYSCFG_ETH_MediaInterfaceConfig          0x0800146d   Thumb Code     8  stm32f4xx_syscfg.o(.text)
    SYSCFG_CompensationCellCmd               0x08001475   Thumb Code     6  stm32f4xx_syscfg.o(.text)
    SYSCFG_GetCompensationCellStatus         0x0800147b   Thumb Code    22  stm32f4xx_syscfg.o(.text)
    TIM_DeInit                               0x0800149d   Thumb Code   346  stm32f4xx_tim.o(.text)
    TIM_TimeBaseInit                         0x080015f7   Thumb Code   104  stm32f4xx_tim.o(.text)
    TIM_TimeBaseStructInit                   0x0800165f   Thumb Code    18  stm32f4xx_tim.o(.text)
    TIM_PrescalerConfig                      0x08001671   Thumb Code     6  stm32f4xx_tim.o(.text)
    TIM_CounterModeConfig                    0x08001677   Thumb Code    18  stm32f4xx_tim.o(.text)
    TIM_SetCounter                           0x08001689   Thumb Code     4  stm32f4xx_tim.o(.text)
    TIM_SetAutoreload                        0x0800168d   Thumb Code     4  stm32f4xx_tim.o(.text)
    TIM_GetCounter                           0x08001691   Thumb Code     6  stm32f4xx_tim.o(.text)
    TIM_GetPrescaler                         0x08001697   Thumb Code     6  stm32f4xx_tim.o(.text)
    TIM_UpdateDisableConfig                  0x0800169d   Thumb Code    24  stm32f4xx_tim.o(.text)
    TIM_UpdateRequestConfig                  0x080016b5   Thumb Code    24  stm32f4xx_tim.o(.text)
    TIM_ARRPreloadConfig                     0x080016cd   Thumb Code    24  stm32f4xx_tim.o(.text)
    TIM_SelectOnePulseMode                   0x080016e5   Thumb Code    18  stm32f4xx_tim.o(.text)
    TIM_SetClockDivision                     0x080016f7   Thumb Code    18  stm32f4xx_tim.o(.text)
    TIM_Cmd                                  0x08001709   Thumb Code    24  stm32f4xx_tim.o(.text)
    TIM_OC1Init                              0x08001721   Thumb Code   114  stm32f4xx_tim.o(.text)
    TIM_OC2Init                              0x08001793   Thumb Code   154  stm32f4xx_tim.o(.text)
    TIM_OC3Init                              0x0800182d   Thumb Code   204  stm32f4xx_tim.o(.text)
    TIM_OC4Init                              0x080018f9   Thumb Code   112  stm32f4xx_tim.o(.text)
    TIM_OCStructInit                         0x08001969   Thumb Code    20  stm32f4xx_tim.o(.text)
    TIM_SelectOCxM                           0x0800197d   Thumb Code    86  stm32f4xx_tim.o(.text)
    TIM_SetCompare1                          0x080019d3   Thumb Code     4  stm32f4xx_tim.o(.text)
    TIM_SetCompare2                          0x080019d7   Thumb Code     4  stm32f4xx_tim.o(.text)
    TIM_SetCompare3                          0x080019db   Thumb Code     4  stm32f4xx_tim.o(.text)
    TIM_SetCompare4                          0x080019df   Thumb Code     4  stm32f4xx_tim.o(.text)
    TIM_ForcedOC1Config                      0x080019e3   Thumb Code    18  stm32f4xx_tim.o(.text)
    TIM_ForcedOC2Config                      0x080019f5   Thumb Code    26  stm32f4xx_tim.o(.text)
    TIM_ForcedOC3Config                      0x08001a0f   Thumb Code    18  stm32f4xx_tim.o(.text)
    TIM_ForcedOC4Config                      0x08001a21   Thumb Code    26  stm32f4xx_tim.o(.text)
    TIM_OC1PreloadConfig                     0x08001a3b   Thumb Code    18  stm32f4xx_tim.o(.text)
    TIM_OC2PreloadConfig                     0x08001a4d   Thumb Code    26  stm32f4xx_tim.o(.text)
    TIM_OC3PreloadConfig                     0x08001a67   Thumb Code    18  stm32f4xx_tim.o(.text)
    TIM_OC4PreloadConfig                     0x08001a79   Thumb Code    26  stm32f4xx_tim.o(.text)
    TIM_OC1FastConfig                        0x08001a93   Thumb Code    18  stm32f4xx_tim.o(.text)
    TIM_OC2FastConfig                        0x08001aa5   Thumb Code    26  stm32f4xx_tim.o(.text)
    TIM_OC3FastConfig                        0x08001abf   Thumb Code    18  stm32f4xx_tim.o(.text)
    TIM_OC4FastConfig                        0x08001ad1   Thumb Code    26  stm32f4xx_tim.o(.text)
    TIM_ClearOC1Ref                          0x08001aeb   Thumb Code    18  stm32f4xx_tim.o(.text)
    TIM_ClearOC2Ref                          0x08001afd   Thumb Code    24  stm32f4xx_tim.o(.text)
    TIM_ClearOC3Ref                          0x08001b15   Thumb Code    18  stm32f4xx_tim.o(.text)
    TIM_ClearOC4Ref                          0x08001b27   Thumb Code    24  stm32f4xx_tim.o(.text)
    TIM_OC1PolarityConfig                    0x08001b3f   Thumb Code    18  stm32f4xx_tim.o(.text)
    TIM_OC1NPolarityConfig                   0x08001b51   Thumb Code    18  stm32f4xx_tim.o(.text)
    TIM_OC2PolarityConfig                    0x08001b63   Thumb Code    26  stm32f4xx_tim.o(.text)
    TIM_OC2NPolarityConfig                   0x08001b7d   Thumb Code    26  stm32f4xx_tim.o(.text)
    TIM_OC3PolarityConfig                    0x08001b97   Thumb Code    26  stm32f4xx_tim.o(.text)
    TIM_OC3NPolarityConfig                   0x08001bb1   Thumb Code    26  stm32f4xx_tim.o(.text)
    TIM_OC4PolarityConfig                    0x08001bcb   Thumb Code    26  stm32f4xx_tim.o(.text)
    TIM_CCxCmd                               0x08001be5   Thumb Code    30  stm32f4xx_tim.o(.text)
    TIM_CCxNCmd                              0x08001c03   Thumb Code    30  stm32f4xx_tim.o(.text)
    TIM_SetIC4Prescaler                      0x08001c21   Thumb Code    26  stm32f4xx_tim.o(.text)
    TIM_SetIC3Prescaler                      0x08001c8b   Thumb Code    18  stm32f4xx_tim.o(.text)
    TIM_SetIC2Prescaler                      0x08001ce5   Thumb Code    26  stm32f4xx_tim.o(.text)
    TIM_SetIC1Prescaler                      0x08001d59   Thumb Code    18  stm32f4xx_tim.o(.text)
    TIM_ICInit                               0x08001da5   Thumb Code   110  stm32f4xx_tim.o(.text)
    TIM_ICStructInit                         0x08001e13   Thumb Code    18  stm32f4xx_tim.o(.text)
    TIM_PWMIConfig                           0x08001e25   Thumb Code   124  stm32f4xx_tim.o(.text)
    TIM_GetCapture1                          0x08001ea1   Thumb Code     6  stm32f4xx_tim.o(.text)
    TIM_GetCapture2                          0x08001ea7   Thumb Code     6  stm32f4xx_tim.o(.text)
    TIM_GetCapture3                          0x08001ead   Thumb Code     6  stm32f4xx_tim.o(.text)
    TIM_GetCapture4                          0x08001eb3   Thumb Code     6  stm32f4xx_tim.o(.text)
    TIM_BDTRConfig                           0x08001eb9   Thumb Code    32  stm32f4xx_tim.o(.text)
    TIM_BDTRStructInit                       0x08001ed9   Thumb Code    18  stm32f4xx_tim.o(.text)
    TIM_CtrlPWMOutputs                       0x08001eeb   Thumb Code    30  stm32f4xx_tim.o(.text)
    TIM_SelectCOM                            0x08001f09   Thumb Code    24  stm32f4xx_tim.o(.text)
    TIM_CCPreloadControl                     0x08001f21   Thumb Code    24  stm32f4xx_tim.o(.text)
    TIM_ITConfig                             0x08001f39   Thumb Code    18  stm32f4xx_tim.o(.text)
    TIM_GenerateEvent                        0x08001f4b   Thumb Code     4  stm32f4xx_tim.o(.text)
    TIM_GetFlagStatus                        0x08001f4f   Thumb Code    18  stm32f4xx_tim.o(.text)
    TIM_ClearFlag                            0x08001f61   Thumb Code     6  stm32f4xx_tim.o(.text)
    TIM_GetITStatus                          0x08001f67   Thumb Code    34  stm32f4xx_tim.o(.text)
    TIM_ClearITPendingBit                    0x08001f89   Thumb Code     6  stm32f4xx_tim.o(.text)
    TIM_DMAConfig                            0x08001f8f   Thumb Code    10  stm32f4xx_tim.o(.text)
    TIM_DMACmd                               0x08001f99   Thumb Code    18  stm32f4xx_tim.o(.text)
    TIM_SelectCCDMA                          0x08001fab   Thumb Code    24  stm32f4xx_tim.o(.text)
    TIM_InternalClockConfig                  0x08001fc3   Thumb Code    12  stm32f4xx_tim.o(.text)
    TIM_SelectInputTrigger                   0x08001fcf   Thumb Code    18  stm32f4xx_tim.o(.text)
    TIM_ITRxExternalClockConfig              0x08001fe1   Thumb Code    24  stm32f4xx_tim.o(.text)
    TIM_TIxExternalClockConfig               0x08001ff9   Thumb Code    62  stm32f4xx_tim.o(.text)
    TIM_ETRConfig                            0x08002037   Thumb Code    28  stm32f4xx_tim.o(.text)
    TIM_ETRClockMode1Config                  0x08002053   Thumb Code    54  stm32f4xx_tim.o(.text)
    TIM_ETRClockMode2Config                  0x08002089   Thumb Code    32  stm32f4xx_tim.o(.text)
    TIM_SelectOutputTrigger                  0x080020a9   Thumb Code    18  stm32f4xx_tim.o(.text)
    TIM_SelectSlaveMode                      0x080020bb   Thumb Code    18  stm32f4xx_tim.o(.text)
    TIM_SelectMasterSlaveMode                0x080020cd   Thumb Code    18  stm32f4xx_tim.o(.text)
    TIM_EncoderInterfaceConfig               0x080020df   Thumb Code    66  stm32f4xx_tim.o(.text)
    TIM_SelectHallSensor                     0x08002121   Thumb Code    24  stm32f4xx_tim.o(.text)
    TIM_RemapConfig                          0x08002139   Thumb Code     6  stm32f4xx_tim.o(.text)
    USART_DeInit                             0x08002141   Thumb Code   206  stm32f4xx_usart.o(.text)
    USART_Init                               0x0800220f   Thumb Code   204  stm32f4xx_usart.o(.text)
    USART_StructInit                         0x080022db   Thumb Code    24  stm32f4xx_usart.o(.text)
    USART_ClockInit                          0x080022f3   Thumb Code    32  stm32f4xx_usart.o(.text)
    USART_ClockStructInit                    0x08002313   Thumb Code    12  stm32f4xx_usart.o(.text)
    USART_Cmd                                0x0800231f   Thumb Code    24  stm32f4xx_usart.o(.text)
    USART_SetPrescaler                       0x08002337   Thumb Code    16  stm32f4xx_usart.o(.text)
    USART_OverSampling8Cmd                   0x08002347   Thumb Code    22  stm32f4xx_usart.o(.text)
    USART_OneBitMethodCmd                    0x0800235d   Thumb Code    24  stm32f4xx_usart.o(.text)
    USART_SendData                           0x08002375   Thumb Code     8  stm32f4xx_usart.o(.text)
    USART_ReceiveData                        0x0800237d   Thumb Code    10  stm32f4xx_usart.o(.text)
    USART_SetAddress                         0x08002387   Thumb Code    18  stm32f4xx_usart.o(.text)
    USART_ReceiverWakeUpCmd                  0x08002399   Thumb Code    24  stm32f4xx_usart.o(.text)
    USART_WakeUpConfig                       0x080023b1   Thumb Code    18  stm32f4xx_usart.o(.text)
    USART_LINBreakDetectLengthConfig         0x080023c3   Thumb Code    18  stm32f4xx_usart.o(.text)
    USART_LINCmd                             0x080023d5   Thumb Code    24  stm32f4xx_usart.o(.text)
    USART_SendBreak                          0x080023ed   Thumb Code    10  stm32f4xx_usart.o(.text)
    USART_HalfDuplexCmd                      0x080023f7   Thumb Code    24  stm32f4xx_usart.o(.text)
    USART_SetGuardTime                       0x0800240f   Thumb Code    16  stm32f4xx_usart.o(.text)
    USART_SmartCardCmd                       0x0800241f   Thumb Code    24  stm32f4xx_usart.o(.text)
    USART_SmartCardNACKCmd                   0x08002437   Thumb Code    24  stm32f4xx_usart.o(.text)
    USART_IrDAConfig                         0x0800244f   Thumb Code    18  stm32f4xx_usart.o(.text)
    USART_IrDACmd                            0x08002461   Thumb Code    24  stm32f4xx_usart.o(.text)
    USART_DMACmd                             0x08002479   Thumb Code    18  stm32f4xx_usart.o(.text)
    USART_ITConfig                           0x0800248b   Thumb Code    74  stm32f4xx_usart.o(.text)
    USART_GetFlagStatus                      0x080024d5   Thumb Code    26  stm32f4xx_usart.o(.text)
    USART_ClearFlag                          0x080024ef   Thumb Code    18  stm32f4xx_usart.o(.text)
    USART_GetITStatus                        0x08002501   Thumb Code   118  stm32f4xx_usart.o(.text)
    USART_ClearITPendingBit                  0x08002577   Thumb Code    30  stm32f4xx_usart.o(.text)
    delay_init                               0x08002595   Thumb Code    52  delay.o(.text)
    delay_us                                 0x080025c9   Thumb Code    72  delay.o(.text)
    delay_xms                                0x08002611   Thumb Code    72  delay.o(.text)
    delay_ms                                 0x08002659   Thumb Code    56  delay.o(.text)
    coolant_stop                             0x08002699   Thumb Code    12  coolant_control.o(.text)
    coolant_init                             0x080026a5   Thumb Code    52  coolant_control.o(.text)
    coolant_set_state                        0x080026d9   Thumb Code    24  coolant_control.o(.text)
    coolant_run                              0x080026f1   Thumb Code    28  coolant_control.o(.text)
    main                                     0x08002715   Thumb Code   164  main.o(.text)
    serial_init                              0x080027c9   Thumb Code   166  serial.o(.text)
    serial_write                             0x0800286f   Thumb Code    68  serial.o(.text)
    serial_read                              0x080028b3   Thumb Code    38  serial.o(.text)
    serial_get_rx_buffer_count               0x080028d9   Thumb Code    36  serial.o(.text)
    printReceiveBufferCount                  0x080028fd   Thumb Code    42  serial.o(.text)
    USART1_IRQHandler                        0x08002927   Thumb Code   262  serial.o(.text)
    serial_reset_read_buffer                 0x08002a2d   Thumb Code    10  serial.o(.text)
    serial_get_tx_buffer_count               0x08002a37   Thumb Code    36  serial.o(.text)
    eeprom_get_char                          0x08002a89   Thumb Code    12  eeprom.o(.text)
    eeprom_put_char                          0x08002a95   Thumb Code    16  eeprom.o(.text)
    memcpy_to_eeprom_with_checksum           0x08002aa5   Thumb Code    66  eeprom.o(.text)
    memcpy_from_eeprom_with_checksum         0x08002ae7   Thumb Code    78  eeprom.o(.text)
    printString                              0x08002b35   Thumb Code    22  print.o(.text)
    printPgmString                           0x08002b4b   Thumb Code    24  print.o(.text)
    print_unsigned_int8                      0x08002b63   Thumb Code    66  print.o(.text)
    print_uint8_base2                        0x08002ba5   Thumb Code    16  print.o(.text)
    print_uint8_base10                       0x08002bb5   Thumb Code    22  print.o(.text)
    print_uint32_base10                      0x08002bcb   Thumb Code    26  print.o(.text)
    printInteger                             0x08002be5   Thumb Code    26  print.o(.text)
    printFloat                               0x08002bff   Thumb Code   226  print.o(.text)
    printFloat_CoordValue                    0x08002ce1   Thumb Code    58  print.o(.text)
    printFloat_RateValue                     0x08002d1b   Thumb Code    58  print.o(.text)
    printFloat_SettingValue                  0x08002d55   Thumb Code    26  print.o(.text)
    settings_store_startup_line              0x08002db9   Thumb Code    30  settings.o(.text)
    settings_store_build_info                0x08002dd7   Thumb Code    18  settings.o(.text)
    settings_write_coord_data                0x08002de9   Thumb Code    30  settings.o(.text)
    write_global_settings                    0x08002e07   Thumb Code    22  settings.o(.text)
    settings_restore                         0x08002e1d   Thumb Code   302  settings.o(.text)
    settings_read_startup_line               0x08002f4b   Thumb Code    50  settings.o(.text)
    settings_read_build_info                 0x08002f7d   Thumb Code    36  settings.o(.text)
    settings_read_coord_data                 0x08002fa1   Thumb Code    54  settings.o(.text)
    read_global_settings                     0x08002fd7   Thumb Code    38  settings.o(.text)
    settings_store_global_setting            0x08002ffd   Thumb Code   712  settings.o(.text)
    settings_init                            0x080032c5   Thumb Code    26  settings.o(.text)
    get_step_pin_mask                        0x080032df   Thumb Code    20  settings.o(.text)
    get_direction_pin_mask                   0x080032f3   Thumb Code    20  settings.o(.text)
    get_limit_pin_mask                       0x08003307   Thumb Code    20  settings.o(.text)
    read_float                               0x08003321   Thumb Code   150  nuts_bolts.o(.text)
    hypot_f                                  0x080033b7   Thumb Code    74  nuts_bolts.o(.text)
    report_status_message                    0x08003405   Thumb Code   188  report.o(.text)
    report_alarm_message                     0x080034c1   Thumb Code    82  report.o(.text)
    report_feedback_message                  0x08003513   Thumb Code   102  report.o(.text)
    report_init_message                      0x08003579   Thumb Code    10  report.o(.text)
    report_grbl_help                         0x08003583   Thumb Code    16  report.o(.text)
    report_grbl_settings                     0x08003593   Thumb Code  1740  report.o(.text)
    report_probe_parameters                  0x08003c5f   Thumb Code    92  report.o(.text)
    report_ngc_parameters                    0x08003cbb   Thumb Code   228  report.o(.text)
    report_gcode_modes                       0x08003d9f   Thumb Code   800  report.o(.text)
    report_startup_line                      0x080040bf   Thumb Code    42  report.o(.text)
    report_build_info                        0x080040e9   Thumb Code    26  report.o(.text)
    report_echo_line_received                0x08004103   Thumb Code    26  report.o(.text)
    report_realtime_status                   0x0800411d   Thumb Code   442  report.o(.text)
    system_init                              0x0800438d   Thumb Code   118  system.o(.text)
    EXTI1_IRQHandler                         0x08004403   Thumb Code   112  system.o(.text)
    system_check_safety_door_ajar            0x08004473   Thumb Code     4  system.o(.text)
    system_execute_startup                   0x08004477   Thumb Code    58  system.o(.text)
    system_execute_line                      0x080044b1   Thumb Code   934  system.o(.text)
    system_convert_axis_steps_to_mpos        0x08004857   Thumb Code    32  system.o(.text)
    system_convert_array_steps_to_mpos       0x08004877   Thumb Code    36  system.o(.text)
    protocol_execute_realtime                0x080048a5   Thumb Code   640  protocol.o(.text)
    protocol_auto_cycle_start                0x08004b75   Thumb Code    14  protocol.o(.text)
    protocol_main_loop                       0x08004b83   Thumb Code   210  protocol.o(.text)
    protocol_buffer_synchronize              0x08004c55   Thumb Code    40  protocol.o(.text)
    limits_disable                           0x08004c91   Thumb Code    14  limits.o(.text)
    limits_init                              0x08004c9f   Thumb Code   136  limits.o(.text)
    limits_get_state                         0x08004d27   Thumb Code    68  limits.o(.text)
    EXTI0_IRQHandler                         0x08004d6b   Thumb Code    54  limits.o(.text)
    limits_go_home                           0x08004da1   Thumb Code   838  limits.o(.text)
    limits_soft_check                        0x080050e7   Thumb Code   154  limits.o(.text)
    probe_configure_invert_mask              0x08005191   Thumb Code    44  probe.o(.text)
    probe_init                               0x080051bd   Thumb Code    46  probe.o(.text)
    probe_get_state                          0x080051eb   Thumb Code    20  probe.o(.text)
    probe_state_monitor                      0x080051ff   Thumb Code    48  probe.o(.text)
    spindle_stop                             0x08005249   Thumb Code    12  spindle_control.o(.text)
    spindle_init                             0x08005255   Thumb Code   100  spindle_control.o(.text)
    spindle_set_state                        0x080052b9   Thumb Code   282  spindle_control.o(.text)
    spindle_run                              0x080053d3   Thumb Code    44  spindle_control.o(.text)
    gc_init                                  0x08005435   Thumb Code    30  gcode.o(.text)
    gc_sync_position                         0x08005453   Thumb Code    14  gcode.o(.text)
    gc_execute_line                          0x08005493   Thumb Code  4750  gcode.o(.text)
    mc_line                                  0x08006735   Thumb Code    94  motion_control.o(.text)
    mc_arc                                   0x08006793   Thumb Code  1116  motion_control.o(.text)
    mc_dwell                                 0x08006bef   Thumb Code   184  motion_control.o(.text)
    mc_homing_cycle                          0x08006ca7   Thumb Code    42  motion_control.o(.text)
    mc_probe_cycle                           0x08006cd1   Thumb Code   226  motion_control.o(.text)
    mc_reset                                 0x08006db3   Thumb Code    90  motion_control.o(.text)
    plan_next_block_index                    0x08006e21   Thumb Code    12  planner.o(.text)
    plan_reset                               0x08006fd5   Thumb Code    34  planner.o(.text)
    plan_discard_current_block               0x08006ff7   Thumb Code    48  planner.o(.text)
    plan_get_current_block                   0x08007027   Thumb Code    36  planner.o(.text)
    plan_get_exec_block_exit_speed           0x0800704b   Thumb Code   100  planner.o(.text)
    plan_check_full_buffer                   0x080070af   Thumb Code    20  planner.o(.text)
    plan_buffer_line                         0x080070c3   Thumb Code  1272  planner.o(.text)
    plan_sync_position                       0x080075bb   Thumb Code    28  planner.o(.text)
    plan_get_block_buffer_count              0x080075d7   Thumb Code    44  planner.o(.text)
    plan_cycle_reinitialize                  0x08007603   Thumb Code    20  planner.o(.text)
    st_wake_up                               0x08007659   Thumb Code    94  stepper.o(.text)
    st_go_idle                               0x080076b7   Thumb Code   110  stepper.o(.text)
    TIM3_IRQHandler                          0x08007725   Thumb Code   852  stepper.o(.text)
    TIM4_IRQHandler                          0x08007a79   Thumb Code   116  stepper.o(.text)
    st_generate_step_dir_invert_masks        0x08007aed   Thumb Code    86  stepper.o(.text)
    st_reset                                 0x08007b43   Thumb Code   226  stepper.o(.text)
    stepper_init                             0x08007c25   Thumb Code   112  stepper.o(.text)
    st_update_plan_block_parameters          0x08007c95   Thumb Code    38  stepper.o(.text)
    st_prep_buffer                           0x08007cbb   Thumb Code  2096  stepper.o(.text)
    Adc_Init                                 0x08008511   Thumb Code   124  adc_distance.o(.text)
    Get_Adc                                  0x0800858d   Thumb Code    44  adc_distance.o(.text)
    SwitchIO_init                            0x080085c1   Thumb Code    48  switch_io.o(.text)
    SetLPOSwitch                             0x080085f1   Thumb Code    12  switch_io.o(.text)
    ResetLPOSwitch                           0x080085fd   Thumb Code    12  switch_io.o(.text)
    SetHPOSwitch                             0x08008609   Thumb Code    12  switch_io.o(.text)
    ResetHPOSwitch                           0x08008615   Thumb Code    12  switch_io.o(.text)
    SetGasSwitch                             0x08008621   Thumb Code    12  switch_io.o(.text)
    ResetGasSwitch                           0x0800862d   Thumb Code    12  switch_io.o(.text)
    SetAutoSwitch                            0x08008639   Thumb Code    12  switch_io.o(.text)
    ResetAutoSwitch                          0x08008645   Thumb Code    12  switch_io.o(.text)
    IIC_Init                                 0x08008655   Thumb Code    62  iic.o(.text)
    IIC_Start                                0x08008693   Thumb Code    68  iic.o(.text)
    IIC_Stop                                 0x080086d7   Thumb Code    62  iic.o(.text)
    IIC_Wait_Ack                             0x08008715   Thumb Code    82  iic.o(.text)
    IIC_Ack                                  0x08008767   Thumb Code    66  iic.o(.text)
    IIC_NAck                                 0x080087a9   Thumb Code    66  iic.o(.text)
    IIC_Send_Byte                            0x080087eb   Thumb Code    90  iic.o(.text)
    IIC_Read_Byte                            0x08008845   Thumb Code    94  iic.o(.text)
    AT24CXX_Init                             0x080088b1   Thumb Code     8  24cxx.o(.text)
    AT24CXX_ReadOneByte                      0x080088b9   Thumb Code    84  24cxx.o(.text)
    AT24CXX_WriteOneByte                     0x0800890d   Thumb Code    76  24cxx.o(.text)
    AT24CXX_WriteLenByte                     0x08008959   Thumb Code    42  24cxx.o(.text)
    AT24CXX_ReadLenByte                      0x08008983   Thumb Code    44  24cxx.o(.text)
    AT24CXX_Check                            0x080089af   Thumb Code    46  24cxx.o(.text)
    AT24CXX_Read                             0x080089dd   Thumb Code    34  24cxx.o(.text)
    AT24CXX_Write                            0x080089ff   Thumb Code    36  24cxx.o(.text)
    TIM3_Int_Init                            0x08008a25   Thumb Code    88  timer.o(.text)
    TIM4_Int_Init                            0x08008a7d   Thumb Code    88  timer.o(.text)
    TIM5_Int_Init                            0x08008ad5   Thumb Code    88  timer.o(.text)
    TIM5_IRQHandler                          0x08008b2d   Thumb Code   138  timer.o(.text)
    TIM14_PWM_Init                           0x08008bb7   Thumb Code    96  timer.o(.text)
    __rt_ctype_table                         0x08008c3d   Thumb Code    16  rt_ctype_table.o(.text)
    __2sprintf                               0x08008c4d   Thumb Code    34  noretval__2sprintf.o(.text)
    _printf_int_dec                          0x08008c75   Thumb Code   104  _printf_dec.o(.text)
    __printf                                 0x08008ced   Thumb Code   352  __printf_ss_wp.o(.text)
    __aeabi_memclr4                          0x08008e4d   Thumb Code     0  rt_memclr_w.o(.text)
    __aeabi_memclr8                          0x08008e4d   Thumb Code     0  rt_memclr_w.o(.text)
    __rt_memclr_w                            0x08008e4d   Thumb Code    78  rt_memclr_w.o(.text)
    _memset_w                                0x08008e51   Thumb Code     0  rt_memclr_w.o(.text)
    __use_two_region_memory                  0x08008e9b   Thumb Code     2  heapauxi.o(.text)
    __rt_heap_escrow$2region                 0x08008e9d   Thumb Code     2  heapauxi.o(.text)
    __rt_heap_expand$2region                 0x08008e9f   Thumb Code     2  heapauxi.o(.text)
    __rt_locale                              0x08008ea1   Thumb Code     8  rt_locale_intlibspace.o(.text)
    __read_errno                             0x08008ea9   Thumb Code    10  _rserrno.o(.text)
    __set_errno                              0x08008eb3   Thumb Code    12  _rserrno.o(.text)
    _printf_int_common                       0x08008ebf   Thumb Code   178  _printf_intcommon.o(.text)
    __lib_sel_fp_printf                      0x08008f71   Thumb Code     2  _printf_fp_dec.o(.text)
    _printf_fp_dec_real                      0x0800911f   Thumb Code   620  _printf_fp_dec.o(.text)
    _printf_char_common                      0x08009397   Thumb Code    32  _printf_char_common.o(.text)
    _sputc                                   0x080093bd   Thumb Code    10  _sputc.o(.text)
    __strtod_int                             0x08009405   Thumb Code    88  strtod.o(.text)
    __user_libspace                          0x08009469   Thumb Code     8  libspace.o(.text)
    __user_perproc_libspace                  0x08009469   Thumb Code     0  libspace.o(.text)
    __user_perthread_libspace                0x08009469   Thumb Code     0  libspace.o(.text)
    __aeabi_errno_addr                       0x08009471   Thumb Code     8  rt_errno_addr_intlibspace.o(.text)
    __errno$intlibspace                      0x08009471   Thumb Code     0  rt_errno_addr_intlibspace.o(.text)
    __rt_errno_addr$intlibspace              0x08009471   Thumb Code     0  rt_errno_addr_intlibspace.o(.text)
    _ll_udiv10                               0x08009479   Thumb Code   138  lludiv10.o(.text)
    isspace                                  0x08009503   Thumb Code    18  isspace.o(.text)
    _printf_fp_infnan                        0x08009515   Thumb Code   112  _printf_fp_infnan.o(.text)
    _sgetc                                   0x08009595   Thumb Code    30  _sgetc.o(.text)
    _sbackspace                              0x080095b3   Thumb Code    34  _sgetc.o(.text)
    _btod_etento                             0x080095d5   Thumb Code   216  bigflt0.o(.text)
    strcmp                                   0x080096b1   Thumb Code   128  strcmpv7m.o(.text)
    __user_setup_stackheap                   0x08009731   Thumb Code    74  sys_stackheap_outer.o(.text)
    _scanf_really_real                       0x08009979   Thumb Code   668  scanf_fp.o(.text)
    exit                                     0x08009c21   Thumb Code    12  exit.o(.text)
    _scanf_really_hex_real                   0x08009c2d   Thumb Code   778  scanf_hexfp.o(.text)
    _scanf_really_infnan                     0x08009f45   Thumb Code   292  scanf_infnan.o(.text)
    _sys_exit                                0x0800a079   Thumb Code     8  sys_exit.o(.text)
    __I$use$semihosting                      0x0800a085   Thumb Code     0  use_no_semi.o(.text)
    __use_no_semihosting_swi                 0x0800a085   Thumb Code     2  use_no_semi.o(.text)
    __aeabi_llsl                             0x0800a087   Thumb Code     0  llshl.o(.text)
    __semihosting_library_function           0x0800a087   Thumb Code     0  indicate_semi.o(.text)
    _ll_shift_l                              0x0800a087   Thumb Code    38  llshl.o(.text)
    _chval                                   0x0800a0ad   Thumb Code    28  _chval.o(.text)
    _btod_d2e                                0x0800a0c9   Thumb Code    62  btod.o(CL$$btod_d2e)
    _d2e_denorm_low                          0x0800a107   Thumb Code    70  btod.o(CL$$btod_d2e_denorm_low)
    _d2e_norm_op1                            0x0800a14d   Thumb Code    96  btod.o(CL$$btod_d2e_norm_op1)
    __btod_div_common                        0x0800a1ad   Thumb Code   696  btod.o(CL$$btod_div_common)
    _e2d                                     0x0800a4e5   Thumb Code    80  btod.o(CL$$btod_e2d)
    _e2e                                     0x0800a539   Thumb Code   198  btod.o(CL$$btod_e2e)
    _btod_ediv                               0x0800a5ff   Thumb Code    40  btod.o(CL$$btod_ediv)
    _btod_edivd                              0x0800a627   Thumb Code    40  btod.o(CL$$btod_edivd)
    _btod_emul                               0x0800a64f   Thumb Code    40  btod.o(CL$$btod_emul)
    _btod_emuld                              0x0800a677   Thumb Code    40  btod.o(CL$$btod_emuld)
    __btod_mult_common                       0x0800a69f   Thumb Code   580  btod.o(CL$$btod_mult_common)
    __ARM_fpclassify                         0x0800a8e3   Thumb Code    48  fpclassify.o(i.__ARM_fpclassify)
    __hardfp_atan                            0x0800a919   Thumb Code   622  atan.o(i.__hardfp_atan)
    __hardfp_atan2                           0x0800abf1   Thumb Code   432  atan2.o(i.__hardfp_atan2)
    __hardfp_atof                            0x0800ade1   Thumb Code    44  atof.o(i.__hardfp_atof)
    __hardfp_ceil                            0x0800ae19   Thumb Code   252  ceil.o(i.__hardfp_ceil)
    __hardfp_cos                             0x0800af31   Thumb Code   180  cos.o(i.__hardfp_cos)
    __hardfp_fabs                            0x0800aff9   Thumb Code    20  fabs.o(i.__hardfp_fabs)
    __hardfp_floor                           0x0800b011   Thumb Code   252  floor.o(i.__hardfp_floor)
    __hardfp_ldexp                           0x0800b129   Thumb Code   200  ldexp.o(i.__hardfp_ldexp)
    __hardfp_lround                          0x0800b1f9   Thumb Code   210  lround.o(i.__hardfp_lround)
    __hardfp_round                           0x0800b2f9   Thumb Code   194  round.o(i.__hardfp_round)
    __hardfp_sin                             0x0800b3d9   Thumb Code   180  sin.o(i.__hardfp_sin)
    __hardfp_sqrt                            0x0800b4a1   Thumb Code   122  sqrt.o(i.__hardfp_sqrt)
    __hardfp_trunc                           0x0800b521   Thumb Code   154  trunc.o(i.__hardfp_trunc)
    __ieee754_rem_pio2                       0x0800b5d1   Thumb Code   938  rred.o(i.__ieee754_rem_pio2)
    __kernel_cos                             0x0800ba09   Thumb Code   322  cos_i.o(i.__kernel_cos)
    __kernel_poly                            0x0800bb79   Thumb Code   248  poly.o(i.__kernel_poly)
    __kernel_sin                             0x0800bc71   Thumb Code   280  sin_i.o(i.__kernel_sin)
    __mathlib_dbl_infnan                     0x0800bda1   Thumb Code    20  dunder.o(i.__mathlib_dbl_infnan)
    __mathlib_dbl_infnan2                    0x0800bdb5   Thumb Code    20  dunder.o(i.__mathlib_dbl_infnan2)
    __mathlib_dbl_invalid                    0x0800bdc9   Thumb Code    24  dunder.o(i.__mathlib_dbl_invalid)
    __mathlib_dbl_overflow                   0x0800bde9   Thumb Code    24  dunder.o(i.__mathlib_dbl_overflow)
    __mathlib_dbl_underflow                  0x0800be09   Thumb Code    24  dunder.o(i.__mathlib_dbl_underflow)
    __mathlib_narrow                         0x0800be29   Thumb Code   166  narrow.o(i.__mathlib_narrow)
    __support_ldexp                          0x0800bee1   Thumb Code    20  ldexp.o(i.__support_ldexp)
    _is_digit                                0x0800bef5   Thumb Code    14  __printf_wp.o(i._is_digit)
    atan                                     0x0800bf03   Thumb Code    16  atan.o(i.atan)
    fabs                                     0x0800bf13   Thumb Code    24  fabs.o(i.fabs)
    frexp                                    0x0800bf31   Thumb Code   118  frexp.o(i.frexp)
    _get_lc_ctype                            0x0800bfbd   Thumb Code    44  lc_ctype_c.o(locale$$code)
    _get_lc_numeric                          0x0800bfe9   Thumb Code    44  lc_numeric_c.o(locale$$code)
    __aeabi_dneg                             0x0800c015   Thumb Code     0  basic.o(x$fpl$basic)
    _dneg                                    0x0800c015   Thumb Code     6  basic.o(x$fpl$basic)
    __aeabi_fneg                             0x0800c01b   Thumb Code     0  basic.o(x$fpl$basic)
    _fneg                                    0x0800c01b   Thumb Code     6  basic.o(x$fpl$basic)
    _dabs                                    0x0800c021   Thumb Code     6  basic.o(x$fpl$basic)
    _fabs                                    0x0800c027   Thumb Code     6  basic.o(x$fpl$basic)
    __aeabi_d2f                              0x0800c02d   Thumb Code     0  d2f.o(x$fpl$d2f)
    _d2f                                     0x0800c02d   Thumb Code    98  d2f.o(x$fpl$d2f)
    __aeabi_dadd                             0x0800c091   Thumb Code     0  daddsub_clz.o(x$fpl$dadd)
    _dadd                                    0x0800c091   Thumb Code   332  daddsub_clz.o(x$fpl$dadd)
    __fpl_dcheck_NaN1                        0x0800c1e1   Thumb Code    10  dcheck1.o(x$fpl$dcheck1)
    __fpl_dcmp_Inf                           0x0800c1f1   Thumb Code    24  dcmpi.o(x$fpl$dcmpinf)
    __aeabi_ddiv                             0x0800c209   Thumb Code     0  ddiv.o(x$fpl$ddiv)
    _ddiv                                    0x0800c209   Thumb Code   552  ddiv.o(x$fpl$ddiv)
    __aeabi_cdcmpeq                          0x0800c4b9   Thumb Code     0  deqf.o(x$fpl$deqf)
    _dcmpeq                                  0x0800c4b9   Thumb Code   120  deqf.o(x$fpl$deqf)
    __aeabi_d2iz                             0x0800c531   Thumb Code     0  dfix.o(x$fpl$dfix)
    _dfix                                    0x0800c531   Thumb Code    94  dfix.o(x$fpl$dfix)
    _dfix_r                                  0x0800c591   Thumb Code   134  dfix.o(x$fpl$dfixr)
    __aeabi_d2uiz                            0x0800c619   Thumb Code     0  dfixu.o(x$fpl$dfixu)
    _dfixu                                   0x0800c619   Thumb Code    90  dfixu.o(x$fpl$dfixu)
    __aeabi_i2d                              0x0800c673   Thumb Code     0  dflt_clz.o(x$fpl$dflt)
    _dflt                                    0x0800c673   Thumb Code    46  dflt_clz.o(x$fpl$dflt)
    __aeabi_ui2d                             0x0800c6a1   Thumb Code     0  dflt_clz.o(x$fpl$dfltu)
    _dfltu                                   0x0800c6a1   Thumb Code    38  dflt_clz.o(x$fpl$dfltu)
    __aeabi_cdcmple                          0x0800c6c9   Thumb Code     0  dleqf.o(x$fpl$dleqf)
    _dcmple                                  0x0800c6c9   Thumb Code   120  dleqf.o(x$fpl$dleqf)
    __fpl_dcmple_InfNaN                      0x0800c72b   Thumb Code     0  dleqf.o(x$fpl$dleqf)
    __aeabi_dmul                             0x0800c741   Thumb Code     0  dmul.o(x$fpl$dmul)
    _dmul                                    0x0800c741   Thumb Code   332  dmul.o(x$fpl$dmul)
    __fpl_dnaninf                            0x0800c895   Thumb Code   156  dnaninf.o(x$fpl$dnaninf)
    __fpl_dretinf                            0x0800c931   Thumb Code    12  dretinf.o(x$fpl$dretinf)
    __aeabi_cdrcmple                         0x0800c93d   Thumb Code     0  drleqf.o(x$fpl$drleqf)
    _drcmple                                 0x0800c93d   Thumb Code   108  drleqf.o(x$fpl$drleqf)
    _drnd                                    0x0800c9a9   Thumb Code   180  drnd.o(x$fpl$drnd)
    __aeabi_drsub                            0x0800ca5d   Thumb Code     0  daddsub_clz.o(x$fpl$drsb)
    _drsb                                    0x0800ca5d   Thumb Code    22  daddsub_clz.o(x$fpl$drsb)
    _dsqrt                                   0x0800ca75   Thumb Code   404  dsqrt_umaal.o(x$fpl$dsqrt)
    __aeabi_dsub                             0x0800cc0d   Thumb Code     0  daddsub_clz.o(x$fpl$dsub)
    _dsub                                    0x0800cc0d   Thumb Code   464  daddsub_clz.o(x$fpl$dsub)
    __aeabi_f2d                              0x0800cde1   Thumb Code     0  f2d.o(x$fpl$f2d)
    _f2d                                     0x0800cde1   Thumb Code    86  f2d.o(x$fpl$f2d)
    __fpl_fnaninf                            0x0800ce37   Thumb Code   140  fnaninf.o(x$fpl$fnaninf)
    _fp_init                                 0x0800cec3   Thumb Code    10  fpinit.o(x$fpl$fpinit)
    __fplib_config_fpu_vfp                   0x0800cecb   Thumb Code     0  fpinit.o(x$fpl$fpinit)
    __fplib_config_pureend_doubles           0x0800cecb   Thumb Code     0  fpinit.o(x$fpl$fpinit)
    __fpl_fretinf                            0x0800cecd   Thumb Code    10  fretinf.o(x$fpl$fretinf)
    _printf_fp_dec                           0x0800ced7   Thumb Code     4  printf1.o(x$fpl$printf1)
    __fpl_return_NaN                         0x0800cedb   Thumb Code   100  retnan.o(x$fpl$retnan)
    __ARM_scalbn                             0x0800cf3f   Thumb Code    92  scalbn.o(x$fpl$scalbn)
    _scanf_real                              0x0800cf9b   Thumb Code     4  scanf1.o(x$fpl$scanf1)
    _scanf_hex_real                          0x0800cf9f   Thumb Code     4  scanf2.o(x$fpl$scanf2)
    _scanf_infnan                            0x0800cfa3   Thumb Code     4  scanf2.o(x$fpl$scanf2)
    __fpl_cmpreturn                          0x0800cfa7   Thumb Code    48  trapv.o(x$fpl$trapveneer)
    __I$use$fp                               0x0800cfd6   Number         0  usenofp.o(x$fpl$usenofp)
    __mathlib_zero                           0x0800d0a0   Data           8  qnan.o(.constdata)
    Region$$Table$$Base                      0x0800d384   Number         0  anon$$obj.o(Region$$Table)
    Region$$Table$$Limit                     0x0800d3a4   Number         0  anon$$obj.o(Region$$Table)
    __aeabi_HUGE_VAL                         0x0800d3a4   Data           0  fpconst.o(c$$dinf)
    __aeabi_HUGE_VALL                        0x0800d3a4   Data           0  fpconst.o(c$$dinf)
    __aeabi_INFINITY                         0x0800d3a4   Data           0  fpconst.o(c$$dinf)
    __dInf                                   0x0800d3a4   Data           0  fpconst.o(c$$dinf)
    __huge_val                               0x0800d3a4   Data           0  fpconst.o(c$$dinf)
    __ctype                                  0x0800d3b9   Data           0  lc_ctype_c.o(locale$$data)
    SystemCoreClock                          0x20000000   Data           4  system_stm32f4xx.o(.data)
    AHBPrescTable                            0x20000004   Data          16  system_stm32f4xx.o(.data)
    serial_rx_buffer_head                    0x20000028   Data           1  serial.o(.data)
    serial_rx_buffer_tail                    0x20000029   Data           1  serial.o(.data)
    serial_tx_buffer_head                    0x2000002a   Data           1  serial.o(.data)
    serial_tx_buffer_tail                    0x2000002b   Data           1  serial.o(.data)
    sys_probe_state                          0x2000002c   Data           1  system.o(.data)
    sys_rt_exec_state                        0x2000002d   Data           1  system.o(.data)
    sys_rt_exec_alarm                        0x2000002e   Data           1  system.o(.data)
    probe_invert_mask                        0x2000002f   Data           1  probe.o(.data)
    sys                                      0x20000044   Data          32  main.o(.bss)
    serial_rx_buffer                         0x20000064   Data         128  serial.o(.bss)
    serial_tx_buffer                         0x200000e4   Data          64  serial.o(.bss)
    settings                                 0x20000124   Data          84  settings.o(.bss)
    gc_state                                 0x200001c8   Data          68  gcode.o(.bss)
    gc_block                                 0x2000020c   Data          64  gcode.o(.bss)
    __libspace_start                         0x2000066c   Data          96  libspace.o(.bss)
    __temporary_stack_top$libspace           0x200006cc   Data           0  libspace.o(.bss)



==============================================================================

Memory Map of the image

  Image Entry point : 0x08000189

  Load Region LR_IROM1 (Base: 0x08000000, Size: 0x0000d51c, Max: 0x00100000, ABSOLUTE)

    Execution Region ER_IROM1 (Base: 0x08000000, Size: 0x0000d4d8, Max: 0x00100000, ABSOLUTE)

    Base Addr    Size         Type   Attr      Idx    E Section Name        Object

    0x08000000   0x00000188   Data   RO          159    RESET               startup_stm32f40_41xxx.o
    0x08000188   0x00000008   Code   RO         1580  * !!!main             c_w.l(__main.o)
    0x08000190   0x00000034   Code   RO         2053    !!!scatter          c_w.l(__scatter.o)
    0x080001c4   0x0000001a   Code   RO         2055    !!handler_copy      c_w.l(__scatter_copy.o)
    0x080001de   0x00000002   PAD
    0x080001e0   0x0000001c   Code   RO         2057    !!handler_zi        c_w.l(__scatter_zi.o)
    0x080001fc   0x00000000   Code   RO         1575    .ARM.Collect$$_printf_percent$$00000000  c_w.l(_printf_percent.o)
    0x080001fc   0x00000006   Code   RO         1574    .ARM.Collect$$_printf_percent$$00000003  c_w.l(_printf_f.o)
    0x08000202   0x00000006   Code   RO         1572    .ARM.Collect$$_printf_percent$$00000009  c_w.l(_printf_d.o)
    0x08000208   0x00000006   Code   RO         1573    .ARM.Collect$$_printf_percent$$0000000A  c_w.l(_printf_u.o)
    0x0800020e   0x00000004   Code   RO         1724    .ARM.Collect$$_printf_percent$$00000017  c_w.l(_printf_percent_end.o)
    0x08000212   0x00000002   Code   RO         1917    .ARM.Collect$$libinit$$00000000  c_w.l(libinit.o)
    0x08000214   0x00000004   Code   RO         1851    .ARM.Collect$$libinit$$00000001  c_w.l(libinit2.o)
    0x08000218   0x00000000   Code   RO         1854    .ARM.Collect$$libinit$$00000004  c_w.l(libinit2.o)
    0x08000218   0x00000000   Code   RO         1857    .ARM.Collect$$libinit$$0000000A  c_w.l(libinit2.o)
    0x08000218   0x00000000   Code   RO         1859    .ARM.Collect$$libinit$$0000000C  c_w.l(libinit2.o)
    0x08000218   0x00000000   Code   RO         1861    .ARM.Collect$$libinit$$0000000E  c_w.l(libinit2.o)
    0x08000218   0x00000006   Code   RO         1862    .ARM.Collect$$libinit$$0000000F  c_w.l(libinit2.o)
    0x0800021e   0x00000000   Code   RO         1864    .ARM.Collect$$libinit$$00000011  c_w.l(libinit2.o)
    0x0800021e   0x0000000c   Code   RO         1865    .ARM.Collect$$libinit$$00000012  c_w.l(libinit2.o)
    0x0800022a   0x00000000   Code   RO         1866    .ARM.Collect$$libinit$$00000013  c_w.l(libinit2.o)
    0x0800022a   0x00000000   Code   RO         1868    .ARM.Collect$$libinit$$00000015  c_w.l(libinit2.o)
    0x0800022a   0x0000000a   Code   RO         1869    .ARM.Collect$$libinit$$00000016  c_w.l(libinit2.o)
    0x08000234   0x00000000   Code   RO         1870    .ARM.Collect$$libinit$$00000017  c_w.l(libinit2.o)
    0x08000234   0x00000000   Code   RO         1872    .ARM.Collect$$libinit$$00000019  c_w.l(libinit2.o)
    0x08000234   0x00000000   Code   RO         1874    .ARM.Collect$$libinit$$0000001B  c_w.l(libinit2.o)
    0x08000234   0x00000000   Code   RO         1876    .ARM.Collect$$libinit$$0000001D  c_w.l(libinit2.o)
    0x08000234   0x00000000   Code   RO         1878    .ARM.Collect$$libinit$$0000001F  c_w.l(libinit2.o)
    0x08000234   0x00000000   Code   RO         1880    .ARM.Collect$$libinit$$00000021  c_w.l(libinit2.o)
    0x08000234   0x00000000   Code   RO         1882    .ARM.Collect$$libinit$$00000023  c_w.l(libinit2.o)
    0x08000234   0x00000000   Code   RO         1884    .ARM.Collect$$libinit$$00000025  c_w.l(libinit2.o)
    0x08000234   0x00000000   Code   RO         1888    .ARM.Collect$$libinit$$0000002C  c_w.l(libinit2.o)
    0x08000234   0x00000000   Code   RO         1890    .ARM.Collect$$libinit$$0000002E  c_w.l(libinit2.o)
    0x08000234   0x00000000   Code   RO         1892    .ARM.Collect$$libinit$$00000030  c_w.l(libinit2.o)
    0x08000234   0x00000000   Code   RO         1894    .ARM.Collect$$libinit$$00000032  c_w.l(libinit2.o)
    0x08000234   0x00000002   Code   RO         1895    .ARM.Collect$$libinit$$00000033  c_w.l(libinit2.o)
    0x08000236   0x00000002   Code   RO         1987    .ARM.Collect$$libshutdown$$00000000  c_w.l(libshutdown.o)
    0x08000238   0x00000000   Code   RO         2010    .ARM.Collect$$libshutdown$$00000003  c_w.l(libshutdown2.o)
    0x08000238   0x00000000   Code   RO         2013    .ARM.Collect$$libshutdown$$00000006  c_w.l(libshutdown2.o)
    0x08000238   0x00000000   Code   RO         2016    .ARM.Collect$$libshutdown$$00000009  c_w.l(libshutdown2.o)
    0x08000238   0x00000000   Code   RO         2018    .ARM.Collect$$libshutdown$$0000000B  c_w.l(libshutdown2.o)
    0x08000238   0x00000000   Code   RO         2021    .ARM.Collect$$libshutdown$$0000000E  c_w.l(libshutdown2.o)
    0x08000238   0x00000002   Code   RO         2022    .ARM.Collect$$libshutdown$$0000000F  c_w.l(libshutdown2.o)
    0x0800023a   0x00000000   Code   RO         1708    .ARM.Collect$$rtentry$$00000000  c_w.l(__rtentry.o)
    0x0800023a   0x00000000   Code   RO         1792    .ARM.Collect$$rtentry$$00000002  c_w.l(__rtentry2.o)
    0x0800023a   0x00000006   Code   RO         1804    .ARM.Collect$$rtentry$$00000004  c_w.l(__rtentry4.o)
    0x08000240   0x00000000   Code   RO         1794    .ARM.Collect$$rtentry$$00000009  c_w.l(__rtentry2.o)
    0x08000240   0x00000004   Code   RO         1795    .ARM.Collect$$rtentry$$0000000A  c_w.l(__rtentry2.o)
    0x08000244   0x00000000   Code   RO         1797    .ARM.Collect$$rtentry$$0000000C  c_w.l(__rtentry2.o)
    0x08000244   0x00000008   Code   RO         1798    .ARM.Collect$$rtentry$$0000000D  c_w.l(__rtentry2.o)
    0x0800024c   0x00000002   Code   RO         1920    .ARM.Collect$$rtexit$$00000000  c_w.l(rtexit.o)
    0x0800024e   0x00000000   Code   RO         1946    .ARM.Collect$$rtexit$$00000002  c_w.l(rtexit2.o)
    0x0800024e   0x00000004   Code   RO         1947    .ARM.Collect$$rtexit$$00000003  c_w.l(rtexit2.o)
    0x08000252   0x00000006   Code   RO         1948    .ARM.Collect$$rtexit$$00000004  c_w.l(rtexit2.o)
    0x08000258   0x0000001a   Code   RO            3    .text               stm32f4xx_it.o
    0x08000272   0x00000002   PAD
    0x08000274   0x00000210   Code   RO          133    .text               system_stm32f4xx.o
    0x08000484   0x00000040   Code   RO          160    .text               startup_stm32f40_41xxx.o
    0x080004c4   0x000000e0   Code   RO          166    .text               misc.o
    0x080005a4   0x00000464   Code   RO          212    .text               stm32f4xx_adc.o
    0x08000a08   0x00000110   Code   RO          455    .text               stm32f4xx_exti.o
    0x08000b18   0x00000294   Code   RO          541    .text               stm32f4xx_gpio.o
    0x08000dac   0x0000065c   Code   RO          704    .text               stm32f4xx_rcc.o
    0x08001408   0x00000094   Code   RO          829    .text               stm32f4xx_syscfg.o
    0x0800149c   0x00000ca2   Code   RO          849    .text               stm32f4xx_tim.o
    0x0800213e   0x00000002   PAD
    0x08002140   0x00000454   Code   RO          869    .text               stm32f4xx_usart.o
    0x08002594   0x00000104   Code   RO          909    .text               delay.o
    0x08002698   0x0000007c   Code   RO          955    .text               coolant_control.o
    0x08002714   0x000000b4   Code   RO         1077    .text               main.o
    0x080027c8   0x000002c0   Code   RO         1107    .text               serial.o
    0x08002a88   0x000000ac   Code   RO         1131    .text               eeprom.o
    0x08002b34   0x00000284   Code   RO         1151    .text               print.o
    0x08002db8   0x00000568   Code   RO         1171    .text               settings.o
    0x08003320   0x000000e4   Code   RO         1197    .text               nuts_bolts.o
    0x08003404   0x00000f88   Code   RO         1217    .text               report.o
    0x0800438c   0x00000518   Code   RO         1238    .text               system.o
    0x080048a4   0x000003ec   Code   RO         1265    .text               protocol.o
    0x08004c90   0x00000500   Code   RO         1287    .text               limits.o
    0x08005190   0x000000b8   Code   RO         1307    .text               probe.o
    0x08005248   0x000001ec   Code   RO         1330    .text               spindle_control.o
    0x08005434   0x00001300   Code   RO         1350    .text               gcode.o
    0x08006734   0x000006ec   Code   RO         1376    .text               motion_control.o
    0x08006e20   0x00000838   Code   RO         1396    .text               planner.o
    0x08007658   0x00000eb8   Code   RO         1419    .text               stepper.o
    0x08008510   0x000000b0   Code   RO         1442    .text               adc_distance.o
    0x080085c0   0x00000094   Code   RO         1462    .text               switch_io.o
    0x08008654   0x0000025c   Code   RO         1482    .text               iic.o
    0x080088b0   0x00000172   Code   RO         1502    .text               24cxx.o
    0x08008a22   0x00000002   PAD
    0x08008a24   0x00000218   Code   RO         1522    .text               timer.o
    0x08008c3c   0x00000010   Code   RO         1542    .text               c_w.l(rt_ctype_table.o)
    0x08008c4c   0x00000028   Code   RO         1546    .text               c_w.l(noretval__2sprintf.o)
    0x08008c74   0x00000078   Code   RO         1550    .text               c_w.l(_printf_dec.o)
    0x08008cec   0x00000160   Code   RO         1567    .text               c_w.l(__printf_ss_wp.o)
    0x08008e4c   0x0000004e   Code   RO         1576    .text               c_w.l(rt_memclr_w.o)
    0x08008e9a   0x00000006   Code   RO         1578    .text               c_w.l(heapauxi.o)
    0x08008ea0   0x00000008   Code   RO         1712    .text               c_w.l(rt_locale_intlibspace.o)
    0x08008ea8   0x00000016   Code   RO         1714    .text               c_w.l(_rserrno.o)
    0x08008ebe   0x000000b2   Code   RO         1716    .text               c_w.l(_printf_intcommon.o)
    0x08008f70   0x0000041a   Code   RO         1718    .text               c_w.l(_printf_fp_dec.o)
    0x0800938a   0x00000002   PAD
    0x0800938c   0x00000030   Code   RO         1720    .text               c_w.l(_printf_char_common.o)
    0x080093bc   0x0000000a   Code   RO         1722    .text               c_w.l(_sputc.o)
    0x080093c6   0x00000002   PAD
    0x080093c8   0x000000a0   Code   RO         1725    .text               c_w.l(strtod.o)
    0x08009468   0x00000008   Code   RO         1788    .text               c_w.l(libspace.o)
    0x08009470   0x00000008   Code   RO         1809    .text               c_w.l(rt_errno_addr_intlibspace.o)
    0x08009478   0x0000008a   Code   RO         1811    .text               c_w.l(lludiv10.o)
    0x08009502   0x00000012   Code   RO         1813    .text               c_w.l(isspace.o)
    0x08009514   0x00000080   Code   RO         1815    .text               c_w.l(_printf_fp_infnan.o)
    0x08009594   0x00000040   Code   RO         1819    .text               c_w.l(_sgetc.o)
    0x080095d4   0x000000dc   Code   RO         1821    .text               c_w.l(bigflt0.o)
    0x080096b0   0x00000080   Code   RO         1849    .text               c_w.l(strcmpv7m.o)
    0x08009730   0x0000004a   Code   RO         1904    .text               c_w.l(sys_stackheap_outer.o)
    0x0800977a   0x00000002   PAD
    0x0800977c   0x000004a4   Code   RO         1906    .text               c_w.l(scanf_fp.o)
    0x08009c20   0x0000000c   Code   RO         1908    .text               c_w.l(exit.o)
    0x08009c2c   0x00000318   Code   RO         1954    .text               c_w.l(scanf_hexfp.o)
    0x08009f44   0x00000134   Code   RO         1956    .text               c_w.l(scanf_infnan.o)
    0x0800a078   0x0000000c   Code   RO         1970    .text               c_w.l(sys_exit.o)
    0x0800a084   0x00000002   Code   RO         1972    .text               c_w.l(use_no_semi.o)
    0x0800a086   0x00000000   Code   RO         1974    .text               c_w.l(indicate_semi.o)
    0x0800a086   0x00000026   Code   RO         1977    .text               c_w.l(llshl.o)
    0x0800a0ac   0x0000001c   Code   RO         1979    .text               c_w.l(_chval.o)
    0x0800a0c8   0x0000003e   Code   RO         1824    CL$$btod_d2e        c_w.l(btod.o)
    0x0800a106   0x00000046   Code   RO         1826    CL$$btod_d2e_denorm_low  c_w.l(btod.o)
    0x0800a14c   0x00000060   Code   RO         1825    CL$$btod_d2e_norm_op1  c_w.l(btod.o)
    0x0800a1ac   0x00000338   Code   RO         1834    CL$$btod_div_common  c_w.l(btod.o)
    0x0800a4e4   0x00000054   Code   RO         1832    CL$$btod_e2d        c_w.l(btod.o)
    0x0800a538   0x000000c6   Code   RO         1831    CL$$btod_e2e        c_w.l(btod.o)
    0x0800a5fe   0x00000028   Code   RO         1828    CL$$btod_ediv       c_w.l(btod.o)
    0x0800a626   0x00000028   Code   RO         1830    CL$$btod_edivd      c_w.l(btod.o)
    0x0800a64e   0x00000028   Code   RO         1827    CL$$btod_emul       c_w.l(btod.o)
    0x0800a676   0x00000028   Code   RO         1829    CL$$btod_emuld      c_w.l(btod.o)
    0x0800a69e   0x00000244   Code   RO         1833    CL$$btod_mult_common  c_w.l(btod.o)
    0x0800a8e2   0x00000030   Code   RO         1900    i.__ARM_fpclassify  m_wm.l(fpclassify.o)
    0x0800a912   0x00000006   PAD
    0x0800a918   0x000002d8   Code   RO         1745    i.__hardfp_atan     m_wm.l(atan.o)
    0x0800abf0   0x000001f0   Code   RO         1620    i.__hardfp_atan2    m_wm.l(atan2.o)
    0x0800ade0   0x00000038   Code   RO         1632    i.__hardfp_atof     m_wm.l(atof.o)
    0x0800ae18   0x00000118   Code   RO         1638    i.__hardfp_ceil     m_wm.l(ceil.o)
    0x0800af30   0x000000c8   Code   RO         1644    i.__hardfp_cos      m_wm.l(cos.o)
    0x0800aff8   0x00000014   Code   RO         1656    i.__hardfp_fabs     m_wm.l(fabs.o)
    0x0800b00c   0x00000004   PAD
    0x0800b010   0x00000118   Code   RO         1662    i.__hardfp_floor    m_wm.l(floor.o)
    0x0800b128   0x000000d0   Code   RO         1988    i.__hardfp_ldexp    m_wm.l(ldexp.o)
    0x0800b1f8   0x00000100   Code   RO         1700    i.__hardfp_lround   m_wm.l(lround.o)
    0x0800b2f8   0x000000e0   Code   RO         1668    i.__hardfp_round    m_wm.l(round.o)
    0x0800b3d8   0x000000c8   Code   RO         1672    i.__hardfp_sin      m_wm.l(sin.o)
    0x0800b4a0   0x0000007a   Code   RO         1684    i.__hardfp_sqrt     m_wm.l(sqrt.o)
    0x0800b51a   0x00000006   PAD
    0x0800b520   0x000000b0   Code   RO         1696    i.__hardfp_trunc    m_wm.l(trunc.o)
    0x0800b5d0   0x00000438   Code   RO         1777    i.__ieee754_rem_pio2  m_wm.l(rred.o)
    0x0800ba08   0x00000170   Code   RO         1759    i.__kernel_cos      m_wm.l(cos_i.o)
    0x0800bb78   0x000000f8   Code   RO         1902    i.__kernel_poly     m_wm.l(poly.o)
    0x0800bc70   0x00000130   Code   RO         1782    i.__kernel_sin      m_wm.l(sin_i.o)
    0x0800bda0   0x00000014   Code   RO         1763    i.__mathlib_dbl_infnan  m_wm.l(dunder.o)
    0x0800bdb4   0x00000014   Code   RO         1764    i.__mathlib_dbl_infnan2  m_wm.l(dunder.o)
    0x0800bdc8   0x00000020   Code   RO         1765    i.__mathlib_dbl_invalid  m_wm.l(dunder.o)
    0x0800bde8   0x00000020   Code   RO         1766    i.__mathlib_dbl_overflow  m_wm.l(dunder.o)
    0x0800be08   0x00000020   Code   RO         1768    i.__mathlib_dbl_underflow  m_wm.l(dunder.o)
    0x0800be28   0x000000b8   Code   RO         1936    i.__mathlib_narrow  m_wm.l(narrow.o)
    0x0800bee0   0x00000014   Code   RO         1990    i.__support_ldexp   m_wm.l(ldexp.o)
    0x0800bef4   0x0000000e   Code   RO         1562    i._is_digit         c_w.l(__printf_wp.o)
    0x0800bf02   0x00000010   Code   RO         1747    i.atan              m_wm.l(atan.o)
    0x0800bf12   0x00000018   Code   RO         1658    i.fabs              m_wm.l(fabs.o)
    0x0800bf2a   0x00000006   PAD
    0x0800bf30   0x0000008c   Code   RO         1966    i.frexp             m_wm.l(frexp.o)
    0x0800bfbc   0x0000002c   Code   RO         1728    locale$$code        c_w.l(lc_ctype_c.o)
    0x0800bfe8   0x0000002c   Code   RO         1847    locale$$code        c_w.l(lc_numeric_c.o)
    0x0800c014   0x00000018   Code   RO         1582    x$fpl$basic         fz_wm.l(basic.o)
    0x0800c02c   0x00000062   Code   RO         1584    x$fpl$d2f           fz_wm.l(d2f.o)
    0x0800c08e   0x00000002   PAD
    0x0800c090   0x00000150   Code   RO         1586    x$fpl$dadd          fz_wm.l(daddsub_clz.o)
    0x0800c1e0   0x00000010   Code   RO         2029    x$fpl$dcheck1       fz_wm.l(dcheck1.o)
    0x0800c1f0   0x00000018   Code   RO         1730    x$fpl$dcmpinf       fz_wm.l(dcmpi.o)
    0x0800c208   0x000002b0   Code   RO         1593    x$fpl$ddiv          fz_wm.l(ddiv.o)
    0x0800c4b8   0x00000078   Code   RO         1962    x$fpl$deqf          fz_wm.l(deqf.o)
    0x0800c530   0x0000005e   Code   RO         1596    x$fpl$dfix          fz_wm.l(dfix.o)
    0x0800c58e   0x00000002   PAD
    0x0800c590   0x00000086   Code   RO         1597    x$fpl$dfixr         fz_wm.l(dfix.o)
    0x0800c616   0x00000002   PAD
    0x0800c618   0x0000005a   Code   RO         1600    x$fpl$dfixu         fz_wm.l(dfixu.o)
    0x0800c672   0x0000002e   Code   RO         1605    x$fpl$dflt          fz_wm.l(dflt_clz.o)
    0x0800c6a0   0x00000026   Code   RO         1604    x$fpl$dfltu         fz_wm.l(dflt_clz.o)
    0x0800c6c6   0x00000002   PAD
    0x0800c6c8   0x00000078   Code   RO         1610    x$fpl$dleqf         fz_wm.l(dleqf.o)
    0x0800c740   0x00000154   Code   RO         1612    x$fpl$dmul          fz_wm.l(dmul.o)
    0x0800c894   0x0000009c   Code   RO         1732    x$fpl$dnaninf       fz_wm.l(dnaninf.o)
    0x0800c930   0x0000000c   Code   RO         1734    x$fpl$dretinf       fz_wm.l(dretinf.o)
    0x0800c93c   0x0000006c   Code   RO         1614    x$fpl$drleqf        fz_wm.l(drleqf.o)
    0x0800c9a8   0x000000b4   Code   RO         1736    x$fpl$drnd          fz_wm.l(drnd.o)
    0x0800ca5c   0x00000016   Code   RO         1587    x$fpl$drsb          fz_wm.l(daddsub_clz.o)
    0x0800ca72   0x00000002   PAD
    0x0800ca74   0x00000198   Code   RO         1738    x$fpl$dsqrt         fz_wm.l(dsqrt_umaal.o)
    0x0800cc0c   0x000001d4   Code   RO         1588    x$fpl$dsub          fz_wm.l(daddsub_clz.o)
    0x0800cde0   0x00000056   Code   RO         1616    x$fpl$f2d           fz_wm.l(f2d.o)
    0x0800ce36   0x0000008c   Code   RO         1740    x$fpl$fnaninf       fz_wm.l(fnaninf.o)
    0x0800cec2   0x0000000a   Code   RO         1918    x$fpl$fpinit        fz_wm.l(fpinit.o)
    0x0800cecc   0x0000000a   Code   RO         1742    x$fpl$fretinf       fz_wm.l(fretinf.o)
    0x0800ced6   0x00000004   Code   RO         1618    x$fpl$printf1       fz_wm.l(printf1.o)
    0x0800ceda   0x00000064   Code   RO         2047    x$fpl$retnan        fz_wm.l(retnan.o)
    0x0800cf3e   0x0000005c   Code   RO         2023    x$fpl$scalbn        fz_wm.l(scalbn.o)
    0x0800cf9a   0x00000004   Code   RO         1898    x$fpl$scanf1        fz_wm.l(scanf1.o)
    0x0800cf9e   0x00000008   Code   RO         1929    x$fpl$scanf2        fz_wm.l(scanf2.o)
    0x0800cfa6   0x00000030   Code   RO         2049    x$fpl$trapveneer    fz_wm.l(trapv.o)
    0x0800cfd6   0x00000000   Code   RO         1744    x$fpl$usenofp       fz_wm.l(usenofp.o)
    0x0800cfd6   0x00000002   PAD
    0x0800cfd8   0x00000098   Data   RO         1748    .constdata          m_wm.l(atan.o)
    0x0800d070   0x00000030   Data   RO         1760    .constdata          m_wm.l(cos_i.o)
    0x0800d0a0   0x00000008   Data   RO         1776    .constdata          m_wm.l(qnan.o)
    0x0800d0a8   0x000000c8   Data   RO         1779    .constdata          m_wm.l(rred.o)
    0x0800d170   0x00000028   Data   RO         1783    .constdata          m_wm.l(sin_i.o)
    0x0800d198   0x00000094   Data   RO         1822    .constdata          c_w.l(bigflt0.o)
    0x0800d22c   0x00000158   Data   RO         1218    .conststring        report.o
    0x0800d384   0x00000020   Data   RO         2051    Region$$Table       anon$$obj.o
    0x0800d3a4   0x00000008   Data   RO         1926    c$$dinf             fz_wm.l(fpconst.o)
    0x0800d3ac   0x00000110   Data   RO         1727    locale$$data        c_w.l(lc_ctype_c.o)
    0x0800d4bc   0x0000001c   Data   RO         1846    locale$$data        c_w.l(lc_numeric_c.o)


    Execution Region RW_IRAM1 (Base: 0x20000000, Size: 0x00000cd0, Max: 0x00020000, ABSOLUTE)

    Base Addr    Size         Type   Attr      Idx    E Section Name        Object

    0x20000000   0x00000014   Data   RW          134    .data               system_stm32f4xx.o
    0x20000014   0x00000010   Data   RW          705    .data               stm32f4xx_rcc.o
    0x20000024   0x00000004   Data   RW          910    .data               delay.o
    0x20000028   0x00000004   Data   RW         1109    .data               serial.o
    0x2000002c   0x00000003   Data   RW         1239    .data               system.o
    0x2000002f   0x00000001   Data   RW         1308    .data               probe.o
    0x20000030   0x00000004   Data   RW         1398    .data               planner.o
    0x20000034   0x00000010   Data   RW         1421    .data               stepper.o
    0x20000044   0x00000020   Zero   RW         1078    .bss                main.o
    0x20000064   0x000000c0   Zero   RW         1108    .bss                serial.o
    0x20000124   0x00000054   Zero   RW         1172    .bss                settings.o
    0x20000178   0x00000050   Zero   RW         1266    .bss                protocol.o
    0x200001c8   0x00000084   Zero   RW         1351    .bss                gcode.o
    0x2000024c   0x00000334   Zero   RW         1397    .bss                planner.o
    0x20000580   0x000000ec   Zero   RW         1420    .bss                stepper.o
    0x2000066c   0x00000060   Zero   RW         1789    .bss                c_w.l(libspace.o)
    0x200006cc   0x00000004   PAD
    0x200006d0   0x00000200   Zero   RW          158    HEAP                startup_stm32f40_41xxx.o
    0x200008d0   0x00000400   Zero   RW          157    STACK               startup_stm32f40_41xxx.o


==============================================================================

Image component sizes


      Code (inc. data)   RO Data    RW Data    ZI Data      Debug   Object Name

       370          0          0          0          0       2590   24cxx.o
       176          8          0          0          0        839   adc_distance.o
       124          8          0          0          0       1586   coolant_control.o
       260          8          0          4          0       1417   delay.o
       172          0          0          0          0       1530   eeprom.o
      4864        188          0          0        132       7847   gcode.o
       604         14          0          0          0       1868   iic.o
      1280         52          0          0          0       2780   limits.o
       180         16          0          0         32       3507   main.o
       224         20          0          0          0     247085   misc.o
      1772         74          0          0          0       3558   motion_control.o
       228          4          0          0          0       1473   nuts_bolts.o
      2104        104          0          4        820       4855   planner.o
       644         80          0          0          0       2817   print.o
       184         26          0          1          0       1305   probe.o
      1004         20          0          0         80       2537   protocol.o
      3976       1650        344          0          0       4431   report.o
       704         46          0          4        192       3336   serial.o
      1384         66          0          0         84       6366   settings.o
       492         54          0          0          0       1370   spindle_control.o
        64         26        392          0       1536        824   startup_stm32f40_41xxx.o
      3768        202          0         16        236       6119   stepper.o
      1124         24          0          0          0      10474   stm32f4xx_adc.o
       272         10          0          0          0       2243   stm32f4xx_exti.o
       660         44          0          0          0       4073   stm32f4xx_gpio.o
        26          0          0          0          0      53594   stm32f4xx_it.o
      1628         52          0         16          0      12852   stm32f4xx_rcc.o
       148         12          0          0          0       1833   stm32f4xx_syscfg.o
      3234         60          0          0          0      22280   stm32f4xx_tim.o
      1108         34          0          0          0       7776   stm32f4xx_usart.o
       148          4          0          0          0       1462   switch_io.o
      1304         50          0          3          0       3711   system.o
       528         46          0         20          0       1747   system_stm32f4xx.o
       536         38          0          0          0       1943   timer.o

    ----------------------------------------------------------------------
     35300       3040        768         68       3112     434028   Object Totals
         0          0         32          0          0          0   (incl. Generated)
         6          0          0          0          0          0   (incl. Padding)

    ----------------------------------------------------------------------

      Code (inc. data)   RO Data    RW Data    ZI Data      Debug   Library Member Name

         8          0          0          0          0         68   __main.o
       352          0          0          0          0         88   __printf_ss_wp.o
        14          0          0          0          0         68   __printf_wp.o
         0          0          0          0          0          0   __rtentry.o
        12          0          0          0          0          0   __rtentry2.o
         6          0          0          0          0          0   __rtentry4.o
        52          8          0          0          0          0   __scatter.o
        26          0          0          0          0          0   __scatter_copy.o
        28          0          0          0          0          0   __scatter_zi.o
        28          0          0          0          0         68   _chval.o
        48          6          0          0          0         96   _printf_char_common.o
         6          0          0          0          0          0   _printf_d.o
       120         16          0          0          0         92   _printf_dec.o
         6          0          0          0          0          0   _printf_f.o
      1050          0          0          0          0        216   _printf_fp_dec.o
       128         16          0          0          0         84   _printf_fp_infnan.o
       178          0          0          0          0         88   _printf_intcommon.o
         0          0          0          0          0          0   _printf_percent.o
         4          0          0          0          0          0   _printf_percent_end.o
         6          0          0          0          0          0   _printf_u.o
        22          0          0          0          0        100   _rserrno.o
        64          0          0          0          0         84   _sgetc.o
        10          0          0          0          0         68   _sputc.o
       220          4        148          0          0         96   bigflt0.o
      2074        132          0          0          0        940   btod.o
        12          0          0          0          0         72   exit.o
         6          0          0          0          0        152   heapauxi.o
         0          0          0          0          0          0   indicate_semi.o
        18          0          0          0          0         76   isspace.o
        44         10        272          0          0         76   lc_ctype_c.o
        44         10         28          0          0         76   lc_numeric_c.o
         2          0          0          0          0          0   libinit.o
        34          0          0          0          0          0   libinit2.o
         2          0          0          0          0          0   libshutdown.o
         2          0          0          0          0          0   libshutdown2.o
         8          4          0          0         96         68   libspace.o
        38          0          0          0          0         68   llshl.o
       138          0          0          0          0         80   lludiv10.o
        40          6          0          0          0         84   noretval__2sprintf.o
        16          4          0          0          0         76   rt_ctype_table.o
         8          4          0          0          0         68   rt_errno_addr_intlibspace.o
         8          4          0          0          0         68   rt_locale_intlibspace.o
        78          0          0          0          0         80   rt_memclr_w.o
         2          0          0          0          0          0   rtexit.o
        10          0          0          0          0          0   rtexit2.o
      1188         12          0          0          0        148   scanf_fp.o
       792         14          0          0          0        100   scanf_hexfp.o
       308         16          0          0          0        100   scanf_infnan.o
       128          0          0          0          0         68   strcmpv7m.o
       160         12          0          0          0        120   strtod.o
        12          4          0          0          0         68   sys_exit.o
        74          0          0          0          0         80   sys_stackheap_outer.o
         2          0          0          0          0         68   use_no_semi.o
        24          0          0          0          0        164   basic.o
        98          4          0          0          0        140   d2f.o
       826         16          0          0          0        492   daddsub_clz.o
        16          4          0          0          0        116   dcheck1.o
        24          0          0          0          0        116   dcmpi.o
       688        140          0          0          0        256   ddiv.o
       120          4          0          0          0        140   deqf.o
       228          8          0          0          0        280   dfix.o
        90          4          0          0          0        140   dfixu.o
        84          0          0          0          0        232   dflt_clz.o
       120          4          0          0          0        140   dleqf.o
       340         12          0          0          0        152   dmul.o
       156          4          0          0          0        140   dnaninf.o
        12          0          0          0          0        116   dretinf.o
       108          0          0          0          0        128   drleqf.o
       180          4          0          0          0        128   drnd.o
       408         56          0          0          0        168   dsqrt_umaal.o
        86          4          0          0          0        132   f2d.o
       140          4          0          0          0        132   fnaninf.o
         0          0          8          0          0          0   fpconst.o
        10          0          0          0          0        116   fpinit.o
        10          0          0          0          0        116   fretinf.o
         4          0          0          0          0        116   printf1.o
       100          0          0          0          0        116   retnan.o
        92          0          0          0          0        116   scalbn.o
         4          0          0          0          0        116   scanf1.o
         8          0          0          0          0        132   scanf2.o
        48          0          0          0          0        116   trapv.o
         0          0          0          0          0          0   usenofp.o
       744        106        152          0          0        352   atan.o
       496         64          0          0          0        192   atan2.o
        56         12          0          0          0        132   atof.o
       280         28          0          0          0        156   ceil.o
       200         20          0          0          0        164   cos.o
       368         46         48          0          0        200   cos_i.o
       136         24          0          0          0        620   dunder.o
        44          0          0          0          0        248   fabs.o
       280         28          0          0          0        156   floor.o
        48          0          0          0          0        124   fpclassify.o
       140         22          0          0          0        132   frexp.o
       228          8          0          0          0        308   ldexp.o
       256         46          0          0          0        172   lround.o
       184         18          0          0          0        152   narrow.o
       248          0          0          0          0        152   poly.o
         0          0          8          0          0          0   qnan.o
       224         30          0          0          0        172   round.o
      1080        142        200          0          0        188   rred.o
       200         20          0          0          0        164   sin.o
       304         24         40          0          0        208   sin_i.o
       122          0          0          0          0        148   sqrt.o
       176         22          0          0          0        156   trunc.o

    ----------------------------------------------------------------------
     17516       1210        904          0        100      12504   Library Totals
        42          0          0          0          4          0   (incl. Padding)

    ----------------------------------------------------------------------

      Code (inc. data)   RO Data    RW Data    ZI Data      Debug   Library Name

      7636        282        448          0         96       3952   c_w.l
      4024        268          8          0          0       4256   fz_wm.l
      5814        660        448          0          0       4296   m_wm.l

    ----------------------------------------------------------------------
     17516       1210        904          0        100      12504   Library Totals

    ----------------------------------------------------------------------

==============================================================================


      Code (inc. data)   RO Data    RW Data    ZI Data      Debug   

     52816       4250       1672         68       3212     432648   Grand Totals
     52816       4250       1672         68       3212     432648   ELF Image Totals
     52816       4250       1672         68          0          0   ROM Totals

==============================================================================

    Total RO  Size (Code + RO Data)                54488 (  53.21kB)
    Total RW  Size (RW Data + ZI Data)              3280 (   3.20kB)
    Total ROM Size (Code + RO Data + RW Data)      54556 (  53.28kB)

==============================================================================

